Archive member included to satisfy reference by file (symbol)

c:/gcc_toolchain/6_2017-q1-update/bin/../lib/gcc/arm-none-eabi/6.3.1/../../../../arm-none-eabi/lib/thumb/v7e-m/fpv5-sp/hard\libc_nano.a(lib_a-atof.o)
                              build/main.o (atof)
c:/gcc_toolchain/6_2017-q1-update/bin/../lib/gcc/arm-none-eabi/6.3.1/../../../../arm-none-eabi/lib/thumb/v7e-m/fpv5-sp/hard\libc_nano.a(lib_a-atoi.o)
                              build/netdb.o (atoi)
c:/gcc_toolchain/6_2017-q1-update/bin/../lib/gcc/arm-none-eabi/6.3.1/../../../../arm-none-eabi/lib/thumb/v7e-m/fpv5-sp/hard\libc_nano.a(lib_a-exit.o)
                              c:/gcc_toolchain/6_2017-q1-update/bin/../lib/gcc/arm-none-eabi/6.3.1/../../../../arm-none-eabi/lib/thumb/v7e-m/fpv5-sp/hard/crt0.o (exit)
c:/gcc_toolchain/6_2017-q1-update/bin/../lib/gcc/arm-none-eabi/6.3.1/../../../../arm-none-eabi/lib/thumb/v7e-m/fpv5-sp/hard\libc_nano.a(lib_a-impure.o)
                              c:/gcc_toolchain/6_2017-q1-update/bin/../lib/gcc/arm-none-eabi/6.3.1/../../../../arm-none-eabi/lib/thumb/v7e-m/fpv5-sp/hard\libc_nano.a(lib_a-exit.o) (_global_impure_ptr)
c:/gcc_toolchain/6_2017-q1-update/bin/../lib/gcc/arm-none-eabi/6.3.1/../../../../arm-none-eabi/lib/thumb/v7e-m/fpv5-sp/hard\libc_nano.a(lib_a-init.o)
                              c:/gcc_toolchain/6_2017-q1-update/bin/../lib/gcc/arm-none-eabi/6.3.1/../../../../arm-none-eabi/lib/thumb/v7e-m/fpv5-sp/hard/crt0.o (__libc_init_array)
c:/gcc_toolchain/6_2017-q1-update/bin/../lib/gcc/arm-none-eabi/6.3.1/../../../../arm-none-eabi/lib/thumb/v7e-m/fpv5-sp/hard\libc_nano.a(lib_a-malloc.o)
                              build/syscall.o (malloc)
c:/gcc_toolchain/6_2017-q1-update/bin/../lib/gcc/arm-none-eabi/6.3.1/../../../../arm-none-eabi/lib/thumb/v7e-m/fpv5-sp/hard\libc_nano.a(lib_a-memcmp.o)
                              build/ethernet.o (memcmp)
c:/gcc_toolchain/6_2017-q1-update/bin/../lib/gcc/arm-none-eabi/6.3.1/../../../../arm-none-eabi/lib/thumb/v7e-m/fpv5-sp/hard\libc_nano.a(lib_a-memcpy-stub.o)
                              build/main.o (memcpy)
c:/gcc_toolchain/6_2017-q1-update/bin/../lib/gcc/arm-none-eabi/6.3.1/../../../../arm-none-eabi/lib/thumb/v7e-m/fpv5-sp/hard\libc_nano.a(lib_a-memset.o)
                              c:/gcc_toolchain/6_2017-q1-update/bin/../lib/gcc/arm-none-eabi/6.3.1/../../../../arm-none-eabi/lib/thumb/v7e-m/fpv5-sp/hard/crt0.o (memset)
c:/gcc_toolchain/6_2017-q1-update/bin/../lib/gcc/arm-none-eabi/6.3.1/../../../../arm-none-eabi/lib/thumb/v7e-m/fpv5-sp/hard\libc_nano.a(lib_a-nano-freer.o)
                              c:/gcc_toolchain/6_2017-q1-update/bin/../lib/gcc/arm-none-eabi/6.3.1/../../../../arm-none-eabi/lib/thumb/v7e-m/fpv5-sp/hard\libc_nano.a(lib_a-malloc.o) (_free_r)
c:/gcc_toolchain/6_2017-q1-update/bin/../lib/gcc/arm-none-eabi/6.3.1/../../../../arm-none-eabi/lib/thumb/v7e-m/fpv5-sp/hard\libc_nano.a(lib_a-nano-mallocr.o)
                              c:/gcc_toolchain/6_2017-q1-update/bin/../lib/gcc/arm-none-eabi/6.3.1/../../../../arm-none-eabi/lib/thumb/v7e-m/fpv5-sp/hard\libc_nano.a(lib_a-malloc.o) (_malloc_r)
c:/gcc_toolchain/6_2017-q1-update/bin/../lib/gcc/arm-none-eabi/6.3.1/../../../../arm-none-eabi/lib/thumb/v7e-m/fpv5-sp/hard\libc_nano.a(lib_a-printf.o)
                              build/main.o (printf)
c:/gcc_toolchain/6_2017-q1-update/bin/../lib/gcc/arm-none-eabi/6.3.1/../../../../arm-none-eabi/lib/thumb/v7e-m/fpv5-sp/hard\libc_nano.a(lib_a-putchar.o)
                              build/usbh_diskio.o (putchar)
c:/gcc_toolchain/6_2017-q1-update/bin/../lib/gcc/arm-none-eabi/6.3.1/../../../../arm-none-eabi/lib/thumb/v7e-m/fpv5-sp/hard\libc_nano.a(lib_a-puts.o)
                              build/main.o (puts)
c:/gcc_toolchain/6_2017-q1-update/bin/../lib/gcc/arm-none-eabi/6.3.1/../../../../arm-none-eabi/lib/thumb/v7e-m/fpv5-sp/hard\libc_nano.a(lib_a-rand.o)
                              build/dns.o (rand)
c:/gcc_toolchain/6_2017-q1-update/bin/../lib/gcc/arm-none-eabi/6.3.1/../../../../arm-none-eabi/lib/thumb/v7e-m/fpv5-sp/hard\libc_nano.a(lib_a-sbrkr.o)
                              c:/gcc_toolchain/6_2017-q1-update/bin/../lib/gcc/arm-none-eabi/6.3.1/../../../../arm-none-eabi/lib/thumb/v7e-m/fpv5-sp/hard\libc_nano.a(lib_a-nano-mallocr.o) (_sbrk_r)
c:/gcc_toolchain/6_2017-q1-update/bin/../lib/gcc/arm-none-eabi/6.3.1/../../../../arm-none-eabi/lib/thumb/v7e-m/fpv5-sp/hard\libc_nano.a(lib_a-sprintf.o)
                              build/main.o (sprintf)
c:/gcc_toolchain/6_2017-q1-update/bin/../lib/gcc/arm-none-eabi/6.3.1/../../../../arm-none-eabi/lib/thumb/v7e-m/fpv5-sp/hard\libc_nano.a(lib_a-strcmp.o)
                              build/main.o (strcmp)
c:/gcc_toolchain/6_2017-q1-update/bin/../lib/gcc/arm-none-eabi/6.3.1/../../../../arm-none-eabi/lib/thumb/v7e-m/fpv5-sp/hard\libc_nano.a(lib_a-strlen.o)
                              build/netdb.o (strlen)
[...]
Memory Configuration

Name             Origin             Length             Attributes
RAM              0x20000000         0x00050000         xrw
FLASH            0x08000000         0x00100000         xr
*default*        0x00000000         0xffffffff

Linker script and memory map

LOAD c:/gcc_toolchain/6_2017-q1-update/bin/../lib/gcc/arm-none-eabi/6.3.1/thumb/v7e-m/fpv5-sp/hard/crti.o
LOAD c:/gcc_toolchain/6_2017-q1-update/bin/../lib/gcc/arm-none-eabi/6.3.1/thumb/v7e-m/fpv5-sp/hard/crtbegin.o
LOAD c:/gcc_toolchain/6_2017-q1-update/bin/../lib/gcc/arm-none-eabi/6.3.1/../../../../arm-none-eabi/lib/thumb/v7e-m/fpv5-sp/hard/crt0.o
LOAD build/main.o
LOAD build/bsp_driver_sd.o
LOAD build/sd_diskio.o
LOAD build/fatfs.o
LOAD build/fatfs_platform.o
LOAD build/usbh_diskio.o
LOAD build/freertos.o
LOAD build/lwip.o
LOAD build/ethernetif.o
LOAD build/syscalls.o
LOAD build/usb_host.o
LOAD build/usbh_conf.o
LOAD build/usbh_platform.o
LOAD build/stm32f7xx_it.o
LOAD build/stm32f7xx_hal_msp.o
LOAD build/stm32f7xx_hal_timebase_TIM.o
LOAD build/stm32f7xx_hal_eth.o
LOAD build/stm32f7xx_hal_hcd.o
LOAD build/stm32f7xx_ll_usb.o
LOAD build/stm32f7xx_hal_adc.o
LOAD build/stm32f7xx_hal_adc_ex.o
LOAD build/stm32f7xx_hal_cortex.o
LOAD build/stm32f7xx_hal_crc.o
LOAD build/stm32f7xx_hal_crc_ex.o
LOAD build/stm32f7xx_hal_dcmi.o
LOAD build/stm32f7xx_hal_dcmi_ex.o
LOAD build/stm32f7xx_hal_dma2d.o
LOAD build/stm32f7xx_ll_fmc.o
LOAD build/stm32f7xx_hal_sdram.o
LOAD build/stm32f7xx_hal_i2c.o
LOAD build/stm32f7xx_hal_i2c_ex.o
LOAD build/stm32f7xx_hal_ltdc.o
LOAD build/stm32f7xx_hal_ltdc_ex.o
LOAD build/stm32f7xx_hal_dsi.o
LOAD build/stm32f7xx_hal_qspi.o
LOAD build/stm32f7xx_hal_rtc.o
LOAD build/stm32f7xx_hal_rtc_ex.o
LOAD build/stm32f7xx_hal_sai.o
LOAD build/stm32f7xx_hal_sai_ex.o
LOAD build/stm32f7xx_ll_sdmmc.o
LOAD build/stm32f7xx_hal_sd.o
LOAD build/stm32f7xx_hal_spdifrx.o
LOAD build/stm32f7xx_hal_spi.o
LOAD build/stm32f7xx_hal_tim.o
LOAD build/stm32f7xx_hal_tim_ex.o
LOAD build/stm32f7xx_hal_uart.o
LOAD build/stm32f7xx_hal_rcc.o
LOAD build/stm32f7xx_hal_rcc_ex.o
LOAD build/stm32f7xx_hal_flash.o
LOAD build/stm32f7xx_hal_flash_ex.o
LOAD build/stm32f7xx_hal_gpio.o
LOAD build/stm32f7xx_hal_dma.o
LOAD build/stm32f7xx_hal_dma_ex.o
LOAD build/stm32f7xx_hal_pwr.o
LOAD build/stm32f7xx_hal_pwr_ex.o
LOAD build/stm32f7xx_hal.o
LOAD build/system_stm32f7xx.o
LOAD build/syscall.o
LOAD build/ccsbcs.o
LOAD build/ff.o
LOAD build/ff_gen_drv.o
LOAD build/diskio.o
LOAD build/heap_4.o
LOAD build/port.o
LOAD build/queue.o
LOAD build/croutine.o
LOAD build/timers.o
LOAD build/list.o
LOAD build/tasks.o
LOAD build/event_groups.o
LOAD build/cmsis_os.o
LOAD build/auth.o
LOAD build/ccp.o
LOAD build/chap_ms.o
LOAD build/chap-md5.o
LOAD build/chap-new.o
LOAD build/demand.o
LOAD build/eap.o
LOAD build/eui64.o
LOAD build/fsm.o
LOAD build/ipcp.o
LOAD build/ipv6cp.o
LOAD build/lcp.o
LOAD build/magic.o
LOAD build/mppe.o
LOAD build/multilink.o
LOAD build/ppp.o
LOAD build/pppapi.o
LOAD build/pppcrypt.o
LOAD build/pppoe.o
LOAD build/pppol2tp.o
LOAD build/pppos.o
LOAD build/upap.o
LOAD build/utils.o
LOAD build/vj.o
LOAD build/ethernet.o
LOAD build/slipif.o
LOAD build/lowpan6.o
LOAD build/ecp.o
LOAD build/err.o
LOAD build/netbuf.o
LOAD build/sockets.o
LOAD build/tcpip.o
LOAD build/api_lib.o
LOAD build/api_msg.o
LOAD build/netdb.o
LOAD build/netifapi.o
LOAD build/inet_chksum.o
LOAD build/ip.o
LOAD build/mem.o
LOAD build/def.o
LOAD build/timeouts.o
LOAD build/init.o
LOAD build/tcp_in.o
LOAD build/pbuf.o
LOAD build/udp.o
LOAD build/tcp.o
LOAD build/tcp_out.o
LOAD build/stats.o
LOAD build/raw.o
LOAD build/memp.o
LOAD build/netif.o
LOAD build/dns.o
LOAD build/sys.o
LOAD build/igmp.o
LOAD build/icmp.o
LOAD build/dhcp.o
LOAD build/ip4.o
LOAD build/etharp.o
LOAD build/ip4_addr.o
LOAD build/ip4_frag.o
LOAD build/autoip.o
LOAD build/ip6.o
LOAD build/ethip6.o
LOAD build/ip6_addr.o
LOAD build/nd6.o
LOAD build/mld6.o
LOAD build/inet6.o
LOAD build/icmp6.o
LOAD build/dhcp6.o
LOAD build/ip6_frag.o
LOAD build/sys_arch.o
LOAD build/mqtt.o
LOAD build/usbh_core.o
LOAD build/usbh_ctlreq.o
LOAD build/usbh_ioreq.o
LOAD build/usbh_pipes.o
LOAD build/usbh_msc.o
LOAD build/usbh_msc_bot.o
LOAD build/usbh_msc_scsi.o
LOAD build/dbgu.o
LOAD build/term_io.o
LOAD build/stm32746g_discovery_audio.o
LOAD build/stm32746g_discovery_lcd.o
LOAD build/stm32746g_discovery_sdram.o
LOAD build/stm32746g_discovery_ts.o
LOAD build/stm32746g_discovery.o
LOAD build/wm8994.o
LOAD build/ft5336.o
LOAD build/startup_stm32f746xx.o
LOAD c:/gcc_toolchain/6_2017-q1-update/bin/../lib/gcc/arm-none-eabi/6.3.1/../../../../arm-none-eabi/lib/thumb/v7e-m/fpv5-sp/hard\libc_nano.a
LOAD c:/gcc_toolchain/6_2017-q1-update/bin/../lib/gcc/arm-none-eabi/6.3.1/../../../../arm-none-eabi/lib/thumb/v7e-m/fpv5-sp/hard\libm.a
LOAD c:/gcc_toolchain/6_2017-q1-update/bin/../lib/gcc/arm-none-eabi/6.3.1/../../../../arm-none-eabi/lib/thumb/v7e-m/fpv5-sp/hard\libnosys.a
START GROUP
LOAD c:/gcc_toolchain/6_2017-q1-update/bin/../lib/gcc/arm-none-eabi/6.3.1/thumb/v7e-m/fpv5-sp/hard\libgcc.a
LOAD c:/gcc_toolchain/6_2017-q1-update/bin/../lib/gcc/arm-none-eabi/6.3.1/../../../../arm-none-eabi/lib/thumb/v7e-m/fpv5-sp/hard\libc_nano.a
END GROUP
START GROUP
LOAD c:/gcc_toolchain/6_2017-q1-update/bin/../lib/gcc/arm-none-eabi/6.3.1/thumb/v7e-m/fpv5-sp/hard\libgcc.a
LOAD c:/gcc_toolchain/6_2017-q1-update/bin/../lib/gcc/arm-none-eabi/6.3.1/../../../../arm-none-eabi/lib/thumb/v7e-m/fpv5-sp/hard\libc_nano.a
END GROUP
LOAD c:/gcc_toolchain/6_2017-q1-update/bin/../lib/gcc/arm-none-eabi/6.3.1/thumb/v7e-m/fpv5-sp/hard/crtend.o
LOAD c:/gcc_toolchain/6_2017-q1-update/bin/../lib/gcc/arm-none-eabi/6.3.1/thumb/v7e-m/fpv5-sp/hard/crtn.o
                0x20050000                _estack = 0x20050000
                0x00000200                _Min_Heap_Size = 0x200
                0x00000400                _Min_Stack_Size = 0x400

.isr_vector     0x08000000      0x1c8
                0x08000000                . = ALIGN (0x4)
 *(.isr_vector)
 .isr_vector    0x08000000      0x1c8 build/startup_stm32f746xx.o
                0x08000000                g_pfnVectors
                0x080001c8                . = ALIGN (0x4)

.text           0x080001d0    0x16d10
                0x080001d0                . = ALIGN (0x4)
 *(.text)
 .text          0x080001d0       0x6c c:/gcc_toolchain/6_2017-q1-update/bin/../lib/gcc/arm-none-eabi/6.3.1/thumb/v7e-m/fpv5-sp/hard/crtbegin.o
 .text          0x0800023c       0x14 c:/gcc_toolchain/6_2017-q1-update/bin/../lib/gcc/arm-none-eabi/6.3.1/../../../../arm-none-eabi/lib/thumb/v7e-m/fpv5-sp/hard\libc_nano.a(lib_a-strcmp.o)
                0x0800023c                strcmp
 .text          0x08000250       0x10 c:/gcc_toolchain/6_2017-q1-update/bin/../lib/gcc/arm-none-eabi/6.3.1/../../../../arm-none-eabi/lib/thumb/v7e-m/fpv5-sp/hard\libc_nano.a(lib_a-strlen.o)
                0x08000250                strlen
 .text          0x08000260       0xa0 c:/gcc_toolchain/6_2017-q1-update/bin/../lib/gcc/arm-none-eabi/6.3.1/../../../../arm-none-eabi/lib/thumb/v7e-m/fpv5-sp/hard\libc_nano.a(lib_a-memchr.o)
                0x08000260                memchr
 .text          0x08000300      0x370 c:/gcc_toolchain/6_2017-q1-update/bin/../lib/gcc/arm-none-eabi/6.3.1/thumb/v7e-m/fpv5-sp/hard\libgcc.a(_arm_addsubdf3.o)
                0x08000300                __aeabi_drsub
                0x08000308                __aeabi_dsub
                0x08000308                __subdf3
                0x0800030c                __aeabi_dadd
                0x0800030c                __adddf3
                0x08000584                __floatunsidf
                0x08000584                __aeabi_ui2d
                0x080005a4                __floatsidf
                0x080005a4                __aeabi_i2d
                0x080005c8                __aeabi_f2d
                0x080005c8                __extendsfdf2
                0x08000604                __floatundidf
                0x08000604                __aeabi_ul2d
                0x08000614                __floatdidf
                0x08000614                __aeabi_l2d
 .text          0x08000670      0x424 c:/gcc_toolchain/6_2017-q1-update/bin/../lib/gcc/arm-none-eabi/6.3.1/thumb/v7e-m/fpv5-sp/hard\libgcc.a(_arm_muldivdf3.o)
                0x08000670                __aeabi_dmul
                0x08000670                __muldf3
                0x080008c4                __divdf3
                0x080008c4                __aeabi_ddiv
 .text          0x08000a94      0x110 c:/gcc_toolchain/6_2017-q1-update/bin/../lib/gcc/arm-none-eabi/6.3.1/thumb/v7e-m/fpv5-sp/hard\libgcc.a(_arm_cmpdf2.o)
                0x08000a94                __gtdf2
                0x08000a94                __gedf2
                0x08000a9c                __ltdf2
                0x08000a9c                __ledf2
                0x08000aa4                __nedf2
                0x08000aa4                __eqdf2
                0x08000aa4                __cmpdf2
                0x08000b20                __aeabi_cdrcmple
                0x08000b30                __aeabi_cdcmpeq
                0x08000b30                __aeabi_cdcmple
                0x08000b40                __aeabi_dcmpeq
                0x08000b54                __aeabi_dcmplt
                0x08000b68                __aeabi_dcmple
                0x08000b7c                __aeabi_dcmpge
                0x08000b90                __aeabi_dcmpgt
 .text          0x08000ba4       0x50 c:/gcc_toolchain/6_2017-q1-update/bin/../lib/gcc/arm-none-eabi/6.3.1/thumb/v7e-m/fpv5-sp/hard\libgcc.a(_arm_fixdfsi.o)
                0x08000ba4                __aeabi_d2iz
                0x08000ba4                __fixdfsi
 .text          0x08000bf4       0x40 c:/gcc_toolchain/6_2017-q1-update/bin/../lib/gcc/arm-none-eabi/6.3.1/thumb/v7e-m/fpv5-sp/hard\libgcc.a(_arm_fixunsdfsi.o)
                0x08000bf4                __aeabi_d2uiz
                0x08000bf4                __fixunsdfsi
 .text          0x08000c34       0xa0 c:/gcc_toolchain/6_2017-q1-update/bin/../lib/gcc/arm-none-eabi/6.3.1/thumb/v7e-m/fpv5-sp/hard\libgcc.a(_arm_truncdfsf2.o)
                0x08000c34                __truncdfsf2
                0x08000c34                __aeabi_d2f
 .text          0x08000cd4       0x30 c:/gcc_toolchain/6_2017-q1-update/bin/../lib/gcc/arm-none-eabi/6.3.1/thumb/v7e-m/fpv5-sp/hard\libgcc.a(_aeabi_uldivmod.o)
                0x08000cd4                __aeabi_uldivmod
 .text          0x08000d04      0x2dc c:/gcc_toolchain/6_2017-q1-update/bin/../lib/gcc/arm-none-eabi/6.3.1/thumb/v7e-m/fpv5-sp/hard\libgcc.a(_udivmoddi4.o)
                0x08000d04                __udivmoddi4
 .text          0x08000fe0        0x4 c:/gcc_toolchain/6_2017-q1-update/bin/../lib/gcc/arm-none-eabi/6.3.1/thumb/v7e-m/fpv5-sp/hard\libgcc.a(_dvmd_tls.o)
                0x08000fe0                __aeabi_idiv0
                0x08000fe0                __aeabi_ldiv0
 *(.text*)
 .text.mqtt_pub_request_cb
                0x08000fe4       0x14 build/main.o
 .text.mqtt_sub_request_cb
                0x08000ff8       0x20 build/main.o
 .text.MX_GPIO_Init
                0x08001018      0x28c build/main.o
 .text.lcd_start
                0x080012a4       0x74 build/main.o
 .text.mqtt_incoming_publish_cb
                0x08001318       0x54 build/main.o
 .text.__io_putchar
                0x0800136c       0x18 build/main.o
                0x0800136c                __io_putchar
 .text.inkey    0x08001384       0x20 build/main.o
                0x08001384                inkey
 .text.draw_background
                0x080013a4       0x28 build/main.o
                0x080013a4                draw_background
 .text.draw_button
                0x080013cc       0x5c build/main.o
                0x080013cc                draw_button
 .text.draw_chart
                0x08001428      0x2b0 build/main.o
                0x08001428                draw_chart
 .text.draw_chart2
                0x080016d8      0x2b0 build/main.o
                0x080016d8                draw_chart2
 .text.initialize_touchscreen
                0x08001988       0x20 build/main.o
                0x08001988                initialize_touchscreen
 .text.add_data_to_buffer
                0x080019a8      0x18c build/main.o
                0x080019a8                add_data_to_buffer
 .text.print_data
                0x08001b34       0xe0 build/main.o
                0x08001b34                print_data
 .text.example_do_connect
                0x08001c14       0x74 build/main.o
                0x08001c14                example_do_connect
 .text.mqtt_connection_cb
                0x08001c88       0x8c build/main.o
 .text.example_publish
                0x08001d14       0x40 build/main.o
                0x08001d14                example_publish
 .text.draw_menu
                0x08001d54       0x70 build/main.o
                0x08001d54                draw_menu
 .text.draw_choose_thermometer
                0x08001dc4       0x88 build/main.o
                0x08001dc4                draw_choose_thermometer
 .text.draw_actual_temperature
                0x08001e4c       0x5c build/main.o
                0x08001e4c                draw_actual_temperature
 .text.draw_chosen_chart
                0x08001ea8       0x64 build/main.o
                0x08001ea8                draw_chosen_chart
 .text.mqtt_incoming_data_cb
                0x08001f0c       0xb8 build/main.o
 .text.touched_button
                0x08001fc4       0x36 build/main.o
                0x08001fc4                touched_button
 *fill*         0x08001ffa        0x2 
 .text.StartDefaultTask
                0x08001ffc      0x198 build/main.o
                0x08001ffc                StartDefaultTask
 .text.HAL_TIM_PeriodElapsedCallback
                0x08002194       0x18 build/main.o
                0x08002194                HAL_TIM_PeriodElapsedCallback
 .text._Error_Handler
                0x080021ac        0x2 build/main.o
                0x080021ac                _Error_Handler
 *fill*         0x080021ae        0x2 
 .text.MX_USART1_UART_Init
                0x080021b0       0x40 build/main.o
 .text.MX_USART6_UART_Init
                0x080021f0       0x40 build/main.o
 .text.SystemClock_Config
                0x08002230      0x138 build/main.o
                0x08002230                SystemClock_Config
 .text.main     0x08002368       0xa4 build/main.o
                0x08002368                main
 .text.vApplicationIdleHook
                0x0800240c        0x2 build/freertos.o
                0x0800240c                vApplicationIdleHook
 .text.vApplicationStackOverflowHook
                0x0800240e        0x2 build/freertos.o
                0x0800240e                vApplicationStackOverflowHook
 .text.vApplicationMallocFailedHook
                0x08002410        0x2 build/freertos.o
                0x08002410                vApplicationMallocFailedHook
 *fill*         0x08002412        0x2 
 .text.MX_LWIP_Init
                0x08002414       0x6c build/lwip.o
                0x08002414                MX_LWIP_Init
 .text.low_level_input
                0x08002480       0xdc build/ethernetif.o
 .text.ethernetif_input
                0x0800255c       0x3c build/ethernetif.o
                0x0800255c                ethernetif_input
 .text.low_level_output
                0x08002598       0xbc build/ethernetif.o
 .text.low_level_init
                0x08002654      0x124 build/ethernetif.o
 .text.HAL_ETH_MspInit
                0x08002778       0xb4 build/ethernetif.o
                0x08002778                HAL_ETH_MspInit
 .text.HAL_ETH_RxCpltCallback
                0x0800282c       0x10 build/ethernetif.o
                0x0800282c                HAL_ETH_RxCpltCallback
 .text.ethernetif_init
                0x0800283c       0x48 build/ethernetif.o
                0x0800283c                ethernetif_init
 .text.sys_now  0x08002884        0x8 build/ethernetif.o
                0x08002884                sys_now
 .text._sbrk    0x0800288c       0x48 build/syscalls.o
                0x0800288c                _sbrk
 .text._write   0x080028d4       0x1c build/syscalls.o
                0x080028d4                _write
 .text._close   0x080028f0        0x6 build/syscalls.o
                0x080028f0                _close
 .text._fstat   0x080028f6        0xa build/syscalls.o
                0x080028f6                _fstat
 .text._isatty  0x08002900        0x4 build/syscalls.o
                0x08002900                _isatty
 .text._lseek   0x08002904        0x4 build/syscalls.o
                0x08002904                _lseek
 .text._read    0x08002908       0x1e build/syscalls.o
                0x08002908                _read
 .text.HAL_HCD_SOF_Callback
                0x08002926        0xc build/usbh_conf.o
                0x08002926                HAL_HCD_SOF_Callback
 .text.HAL_HCD_Connect_Callback
                0x08002932        0xc build/usbh_conf.o
                0x08002932                HAL_HCD_Connect_Callback
 .text.HAL_HCD_Disconnect_Callback
                0x0800293e        0xc build/usbh_conf.o
                0x0800293e                HAL_HCD_Disconnect_Callback
 .text.HAL_HCD_HC_NotifyURBChange_Callback
                0x0800294a        0xc build/usbh_conf.o
                0x0800294a                HAL_HCD_HC_NotifyURBChange_Callback
 .text.HAL_HCD_PortEnabled_Callback
                0x08002956        0xc build/usbh_conf.o
                0x08002956                HAL_HCD_PortEnabled_Callback
 .text.HAL_HCD_PortDisabled_Callback
                0x08002962        0xc build/usbh_conf.o
                0x08002962                HAL_HCD_PortDisabled_Callback
 .text.USBH_LL_Start
                0x0800296e       0x1c build/usbh_conf.o
                0x0800296e                USBH_LL_Start
 .text.USBH_LL_Stop
                0x0800298a       0x1c build/usbh_conf.o
                0x0800298a                USBH_LL_Stop
 *fill*         0x080029a6        0x2 
 .text.HL_Default_Handler
                0x080029a8       0x10 build/stm32f7xx_it.o
                0x080029a8                HL_Default_Handler
 .text.DMA2_Stream7_IRQHandler
                0x080029b8       0x10 build/stm32f7xx_it.o
                0x080029b8                DMA2_Stream7_IRQHandler
 .text.DMA2_Stream4_IRQHandler
                0x080029c8       0x10 build/stm32f7xx_it.o
                0x080029c8                DMA2_Stream4_IRQHandler
 .text.NMI_Handler
                0x080029d8        0x2 build/stm32f7xx_it.o
                0x080029d8                NMI_Handler
 .text.HardFault_Handler
                0x080029da        0x2 build/stm32f7xx_it.o
                0x080029da                HardFault_Handler
 .text.MemManage_Handler
                0x080029dc        0x2 build/stm32f7xx_it.o
                0x080029dc                MemManage_Handler
 .text.BusFault_Handler
                0x080029de        0x2 build/stm32f7xx_it.o
                0x080029de                BusFault_Handler
 .text.UsageFault_Handler
                0x080029e0        0x2 build/stm32f7xx_it.o
                0x080029e0                UsageFault_Handler
 .text.DebugMon_Handler
                0x080029e2        0x2 build/stm32f7xx_it.o
                0x080029e2                DebugMon_Handler
 .text.SysTick_Handler
                0x080029e4        0x8 build/stm32f7xx_it.o
                0x080029e4                SysTick_Handler
 .text.TIM6_DAC_IRQHandler
                0x080029ec       0x10 build/stm32f7xx_it.o
                0x080029ec                TIM6_DAC_IRQHandler
 .text.ETH_IRQHandler
                0x080029fc       0x10 build/stm32f7xx_it.o
                0x080029fc                ETH_IRQHandler
 .text.OTG_FS_IRQHandler
                0x08002a0c       0x10 build/stm32f7xx_it.o
                0x08002a0c                OTG_FS_IRQHandler
 .text.LTDC_IRQHandler
                0x08002a1c       0x10 build/stm32f7xx_it.o
                0x08002a1c                LTDC_IRQHandler
 .text.DMA2D_IRQHandler
                0x08002a2c       0x10 build/stm32f7xx_it.o
                0x08002a2c                DMA2D_IRQHandler
 .text.HAL_FMC_MspInit
                0x08002a3c       0xd4 build/stm32f7xx_hal_msp.o
 .text.HAL_MspInit
                0x08002b10       0x90 build/stm32f7xx_hal_msp.o
                0x08002b10                HAL_MspInit
 .text.HAL_DMA2D_MspInit
                0x08002ba0       0x40 build/stm32f7xx_hal_msp.o
                0x08002ba0                HAL_DMA2D_MspInit
 .text.HAL_I2C_MspInit
                0x08002be0       0x94 build/stm32f7xx_hal_msp.o
                0x08002be0                HAL_I2C_MspInit
 .text.HAL_I2C_MspDeInit
                0x08002c74       0x54 build/stm32f7xx_hal_msp.o
                0x08002c74                HAL_I2C_MspDeInit
 .text.HAL_LTDC_MspInit
                0x08002cc8       0xc4 build/stm32f7xx_hal_msp.o
                0x08002cc8                HAL_LTDC_MspInit
 .text.HAL_TIM_Base_MspInit
                0x08002d8c       0xcc build/stm32f7xx_hal_msp.o
                0x08002d8c                HAL_TIM_Base_MspInit
 .text.HAL_UART_MspInit
                0x08002e58       0xa8 build/stm32f7xx_hal_msp.o
                0x08002e58                HAL_UART_MspInit
 .text.HAL_SDRAM_MspInit
                0x08002f00        0x8 build/stm32f7xx_hal_msp.o
                0x08002f00                HAL_SDRAM_MspInit
 .text.HAL_InitTick
                0x08002f08       0x7c build/stm32f7xx_hal_timebase_TIM.o
                0x08002f08                HAL_InitTick
 .text.ETH_MACAddressConfig
                0x08002f84       0x30 build/stm32f7xx_hal_eth.o
 .text.ETH_DMATransmissionEnable
                0x08002fb4       0x10 build/stm32f7xx_hal_eth.o
 .text.ETH_DMAReceptionEnable
                0x08002fc4       0x10 build/stm32f7xx_hal_eth.o
 .text.ETH_MACDMAConfig
                0x08002fd4      0x118 build/stm32f7xx_hal_eth.o
 .text.ETH_MACTransmissionEnable
                0x080030ec       0x2a build/stm32f7xx_hal_eth.o
 .text.ETH_MACReceptionEnable
                0x08003116       0x2a build/stm32f7xx_hal_eth.o
 .text.ETH_FlushTransmitFIFO
                0x08003140       0x2e build/stm32f7xx_hal_eth.o
 .text.HAL_ETH_DMATxDescListInit
                0x0800316e       0x72 build/stm32f7xx_hal_eth.o
                0x0800316e                HAL_ETH_DMATxDescListInit
 .text.HAL_ETH_DMARxDescListInit
                0x080031e0       0x6c build/stm32f7xx_hal_eth.o
                0x080031e0                HAL_ETH_DMARxDescListInit
 .text.HAL_ETH_TransmitFrame
                0x0800324c      0x124 build/stm32f7xx_hal_eth.o
                0x0800324c                HAL_ETH_TransmitFrame
 .text.HAL_ETH_GetReceivedFrame_IT
                0x08003370       0x98 build/stm32f7xx_hal_eth.o
                0x08003370                HAL_ETH_GetReceivedFrame_IT
 .text.HAL_ETH_TxCpltCallback
                0x08003408        0x2 build/stm32f7xx_hal_eth.o
                0x08003408                HAL_ETH_TxCpltCallback
 .text.HAL_ETH_ErrorCallback
                0x0800340a        0x2 build/stm32f7xx_hal_eth.o
                0x0800340a                HAL_ETH_ErrorCallback
 .text.HAL_ETH_IRQHandler
                0x0800340c       0x8c build/stm32f7xx_hal_eth.o
                0x0800340c                HAL_ETH_IRQHandler
 .text.HAL_ETH_ReadPHYRegister
                0x08003498       0x78 build/stm32f7xx_hal_eth.o
                0x08003498                HAL_ETH_ReadPHYRegister
 .text.HAL_ETH_WritePHYRegister
                0x08003510       0x74 build/stm32f7xx_hal_eth.o
                0x08003510                HAL_ETH_WritePHYRegister
 .text.HAL_ETH_Init
                0x08003584      0x254 build/stm32f7xx_hal_eth.o
                0x08003584                HAL_ETH_Init
 .text.HAL_ETH_Start
                0x080037d8       0x44 build/stm32f7xx_hal_eth.o
                0x080037d8                HAL_ETH_Start
 .text.HCD_RXQLVL_IRQHandler
                0x0800381c       0x7c build/stm32f7xx_hal_hcd.o
 .text.HCD_Port_IRQHandler
                0x08003898       0xd4 build/stm32f7xx_hal_hcd.o
 .text.HCD_HC_IN_IRQHandler
                0x0800396c      0x2c0 build/stm32f7xx_hal_hcd.o
 .text.HCD_HC_OUT_IRQHandler
                0x08003c2c      0x2bc build/stm32f7xx_hal_hcd.o
 .text.HAL_HCD_IRQHandler
                0x08003ee8      0x152 build/stm32f7xx_hal_hcd.o
                0x08003ee8                HAL_HCD_IRQHandler
 .text.HAL_HCD_Start
                0x0800403a       0x2c build/stm32f7xx_hal_hcd.o
                0x0800403a                HAL_HCD_Start
 .text.HAL_HCD_Stop
                0x08004066       0x24 build/stm32f7xx_hal_hcd.o
                0x08004066                HAL_HCD_Stop
 .text.USB_EnableGlobalInt
                0x0800408a        0xc build/stm32f7xx_ll_usb.o
                0x0800408a                USB_EnableGlobalInt
 .text.USB_DisableGlobalInt
                0x08004096        0xc build/stm32f7xx_ll_usb.o
                0x08004096                USB_DisableGlobalInt
 *fill*         0x080040a2        0x2 
 .text.USB_FlushTxFifo
                0x080040a4       0x28 build/stm32f7xx_ll_usb.o
                0x080040a4                USB_FlushTxFifo
 .text.USB_FlushRxFifo
                0x080040cc       0x24 build/stm32f7xx_ll_usb.o
                0x080040cc                USB_FlushRxFifo
 .text.USB_ReadPacket
                0x080040f0       0x28 build/stm32f7xx_ll_usb.o
                0x080040f0                USB_ReadPacket
 .text.USB_ReadInterrupts
                0x08004118        0x8 build/stm32f7xx_ll_usb.o
                0x08004118                USB_ReadInterrupts
 .text.USB_GetMode
                0x08004120        0x8 build/stm32f7xx_ll_usb.o
                0x08004120                USB_GetMode
 .text.USB_InitFSLSPClkSel
                0x08004128       0x40 build/stm32f7xx_ll_usb.o
                0x08004128                USB_InitFSLSPClkSel
 .text.USB_DriveVbus
                0x08004168       0x46 build/stm32f7xx_ll_usb.o
                0x08004168                USB_DriveVbus
 .text.USB_HC_ReadInterrupt
                0x080041ae        0xa build/stm32f7xx_ll_usb.o
                0x080041ae                USB_HC_ReadInterrupt
 .text.USB_HC_Halt
                0x080041b8       0xd2 build/stm32f7xx_ll_usb.o
                0x080041b8                USB_HC_Halt
 .text.USB_StopHost
                0x0800428a       0x7e build/stm32f7xx_ll_usb.o
                0x0800428a                USB_StopHost
 .text.HAL_NVIC_SetPriorityGrouping
                0x08004308       0x24 build/stm32f7xx_hal_cortex.o
                0x08004308                HAL_NVIC_SetPriorityGrouping
 .text.HAL_NVIC_SetPriority
                0x0800432c       0x60 build/stm32f7xx_hal_cortex.o
                0x0800432c                HAL_NVIC_SetPriority
 .text.HAL_NVIC_EnableIRQ
                0x0800438c       0x18 build/stm32f7xx_hal_cortex.o
                0x0800438c                HAL_NVIC_EnableIRQ
 .text.HAL_SYSTICK_Config
                0x080043a4       0x2c build/stm32f7xx_hal_cortex.o
                0x080043a4                HAL_SYSTICK_Config
 .text.HAL_SYSTICK_CLKSourceConfig
                0x080043d0       0x20 build/stm32f7xx_hal_cortex.o
                0x080043d0                HAL_SYSTICK_CLKSourceConfig
 .text.DMA2D_SetConfig
                0x080043f0       0x8c build/stm32f7xx_hal_dma2d.o
 .text.HAL_DMA2D_Init
                0x0800447c       0x5c build/stm32f7xx_hal_dma2d.o
                0x0800447c                HAL_DMA2D_Init
 .text.HAL_DMA2D_Start
                0x080044d8       0x38 build/stm32f7xx_hal_dma2d.o
                0x080044d8                HAL_DMA2D_Start
 .text.HAL_DMA2D_PollForTransfer
                0x08004510      0x13e build/stm32f7xx_hal_dma2d.o
                0x08004510                HAL_DMA2D_PollForTransfer
 .text.HAL_DMA2D_LineEventCallback
                0x0800464e        0x2 build/stm32f7xx_hal_dma2d.o
                0x0800464e                HAL_DMA2D_LineEventCallback
 .text.HAL_DMA2D_CLUTLoadingCpltCallback
                0x08004650        0x2 build/stm32f7xx_hal_dma2d.o
                0x08004650                HAL_DMA2D_CLUTLoadingCpltCallback
 .text.HAL_DMA2D_IRQHandler
                0x08004652      0x13c build/stm32f7xx_hal_dma2d.o
                0x08004652                HAL_DMA2D_IRQHandler
 *fill*         0x0800478e        0x2 
 .text.HAL_DMA2D_ConfigLayer
                0x08004790       0xc4 build/stm32f7xx_hal_dma2d.o
                0x08004790                HAL_DMA2D_ConfigLayer
 .text.FMC_SDRAM_Init
                0x08004854       0x74 build/stm32f7xx_ll_fmc.o
                0x08004854                FMC_SDRAM_Init
 .text.FMC_SDRAM_Timing_Init
                0x080048c8       0x98 build/stm32f7xx_ll_fmc.o
                0x080048c8                FMC_SDRAM_Timing_Init
 .text.FMC_SDRAM_SendCommand
                0x08004960       0x2c build/stm32f7xx_ll_fmc.o
                0x08004960                FMC_SDRAM_SendCommand
 .text.FMC_SDRAM_ProgramRefreshRate
                0x0800498c        0xc build/stm32f7xx_ll_fmc.o
                0x0800498c                FMC_SDRAM_ProgramRefreshRate
 .text.HAL_SDRAM_Init
                0x08004998       0x3e build/stm32f7xx_hal_sdram.o
                0x08004998                HAL_SDRAM_Init
 .text.HAL_SDRAM_SendCommand
                0x080049d6       0x3a build/stm32f7xx_hal_sdram.o
                0x080049d6                HAL_SDRAM_SendCommand
 .text.HAL_SDRAM_ProgramRefreshRate
                0x08004a10       0x28 build/stm32f7xx_hal_sdram.o
                0x08004a10                HAL_SDRAM_ProgramRefreshRate
 .text.I2C_Flush_TXDR
                0x08004a38       0x22 build/stm32f7xx_hal_i2c.o
 .text.I2C_TransferConfig
                0x08004a5a       0x36 build/stm32f7xx_hal_i2c.o
 .text.I2C_IsAcknowledgeFailed
                0x08004a90       0x82 build/stm32f7xx_hal_i2c.o
 .text.I2C_WaitOnTXISFlagUntilTimeout
                0x08004b12       0x54 build/stm32f7xx_hal_i2c.o
 .text.I2C_WaitOnFlagUntilTimeout
                0x08004b66       0x48 build/stm32f7xx_hal_i2c.o
 *fill*         0x08004bae        0x2 
 .text.I2C_RequestMemoryWrite
                0x08004bb0       0x88 build/stm32f7xx_hal_i2c.o
 .text.I2C_RequestMemoryRead
                0x08004c38       0x84 build/stm32f7xx_hal_i2c.o
 .text.I2C_WaitOnSTOPFlagUntilTimeout
                0x08004cbc       0x4e build/stm32f7xx_hal_i2c.o
 *fill*         0x08004d0a        0x2 
 .text.HAL_I2C_Init
                0x08004d0c       0xbc build/stm32f7xx_hal_i2c.o
                0x08004d0c                HAL_I2C_Init
 .text.HAL_I2C_DeInit
                0x08004dc8       0x32 build/stm32f7xx_hal_i2c.o
                0x08004dc8                HAL_I2C_DeInit
 .text.HAL_I2C_Mem_Write
                0x08004dfa      0x1c4 build/stm32f7xx_hal_i2c.o
                0x08004dfa                HAL_I2C_Mem_Write
 *fill*         0x08004fbe        0x2 
 .text.HAL_I2C_Mem_Read
                0x08004fc0      0x1c4 build/stm32f7xx_hal_i2c.o
                0x08004fc0                HAL_I2C_Mem_Read
 .text.HAL_I2C_GetState
                0x08005184        0x6 build/stm32f7xx_hal_i2c.o
                0x08005184                HAL_I2C_GetState
 *fill*         0x0800518a        0x2 
 .text.LTDC_SetConfig
                0x0800518c      0x190 build/stm32f7xx_hal_ltdc.o
 .text.HAL_LTDC_Init
                0x0800531c       0xfc build/stm32f7xx_hal_ltdc.o
                0x0800531c                HAL_LTDC_Init
 .text.HAL_LTDC_ErrorCallback
                0x08005418        0x2 build/stm32f7xx_hal_ltdc.o
                0x08005418                HAL_LTDC_ErrorCallback
 .text.HAL_LTDC_LineEventCallback
                0x0800541a        0x2 build/stm32f7xx_hal_ltdc.o
                0x0800541a                HAL_LTDC_LineEventCallback
 .text.HAL_LTDC_ReloadEventCallback
                0x0800541c        0x2 build/stm32f7xx_hal_ltdc.o
                0x0800541c                HAL_LTDC_ReloadEventCallback
 .text.HAL_LTDC_IRQHandler
                0x0800541e       0xe6 build/stm32f7xx_hal_ltdc.o
                0x0800541e                HAL_LTDC_IRQHandler
 .text.HAL_LTDC_ConfigLayer
                0x08005504       0x5c build/stm32f7xx_hal_ltdc.o
                0x08005504                HAL_LTDC_ConfigLayer
 .text.HAL_LTDC_ConfigColorKeying
                0x08005560       0x48 build/stm32f7xx_hal_ltdc.o
                0x08005560                HAL_LTDC_ConfigColorKeying
 .text.HAL_LTDC_EnableColorKeying
                0x080055a8       0x3c build/stm32f7xx_hal_ltdc.o
                0x080055a8                HAL_LTDC_EnableColorKeying
 .text.HAL_LTDC_SetAlpha
                0x080055e4       0x42 build/stm32f7xx_hal_ltdc.o
                0x080055e4                HAL_LTDC_SetAlpha
 .text.HAL_LTDC_GetState
                0x08005626        0x6 build/stm32f7xx_hal_ltdc.o
                0x08005626                HAL_LTDC_GetState
 .text.HAL_TIM_Base_Start_IT
                0x0800562c       0x18 build/stm32f7xx_hal_tim.o
                0x0800562c                HAL_TIM_Base_Start_IT
 .text.HAL_TIM_OC_DelayElapsedCallback
                0x08005644        0x2 build/stm32f7xx_hal_tim.o
                0x08005644                HAL_TIM_OC_DelayElapsedCallback
 .text.HAL_TIM_IC_CaptureCallback
                0x08005646        0x2 build/stm32f7xx_hal_tim.o
                0x08005646                HAL_TIM_IC_CaptureCallback
 .text.HAL_TIM_PWM_PulseFinishedCallback
                0x08005648        0x2 build/stm32f7xx_hal_tim.o
                0x08005648                HAL_TIM_PWM_PulseFinishedCallback
 .text.HAL_TIM_TriggerCallback
                0x0800564a        0x2 build/stm32f7xx_hal_tim.o
                0x0800564a                HAL_TIM_TriggerCallback
 .text.HAL_TIM_IRQHandler
                0x0800564c      0x19a build/stm32f7xx_hal_tim.o
                0x0800564c                HAL_TIM_IRQHandler
 *fill*         0x080057e6        0x2 
 .text.TIM_Base_SetConfig
                0x080057e8      0x140 build/stm32f7xx_hal_tim.o
                0x080057e8                TIM_Base_SetConfig
 .text.HAL_TIM_Base_Init
                0x08005928       0x32 build/stm32f7xx_hal_tim.o
                0x08005928                HAL_TIM_Base_Init
 .text.HAL_TIMEx_CommutationCallback
                0x0800595a        0x2 build/stm32f7xx_hal_tim_ex.o
                0x0800595a                HAL_TIMEx_CommutationCallback
 .text.HAL_TIMEx_BreakCallback
                0x0800595c        0x2 build/stm32f7xx_hal_tim_ex.o
                0x0800595c                HAL_TIMEx_BreakCallback
 .text.UART_WaitOnFlagUntilTimeout
                0x0800595e       0x64 build/stm32f7xx_hal_uart.o
                0x0800595e                UART_WaitOnFlagUntilTimeout
 *fill*         0x080059c2        0x2 
 .text.UART_SetConfig
                0x080059c4      0x360 build/stm32f7xx_hal_uart.o
                0x080059c4                UART_SetConfig
 .text.UART_AdvFeatureConfig
                0x08005d24       0xca build/stm32f7xx_hal_uart.o
                0x08005d24                UART_AdvFeatureConfig
 .text.UART_CheckIdleState
                0x08005dee       0x48 build/stm32f7xx_hal_uart.o
                0x08005dee                UART_CheckIdleState
 .text.HAL_UART_Init
                0x08005e36       0x68 build/stm32f7xx_hal_uart.o
                0x08005e36                HAL_UART_Init
 *fill*         0x08005e9e        0x2 
 .text.HAL_RCC_OscConfig
                0x08005ea0      0x3d4 build/stm32f7xx_hal_rcc.o
                0x08005ea0                HAL_RCC_OscConfig
 .text.HAL_RCC_GetSysClockFreq
                0x08006274       0xa4 build/stm32f7xx_hal_rcc.o
                0x08006274                HAL_RCC_GetSysClockFreq
 .text.HAL_RCC_ClockConfig
                0x08006318      0x164 build/stm32f7xx_hal_rcc.o
                0x08006318                HAL_RCC_ClockConfig
 .text.HAL_RCC_GetHCLKFreq
                0x0800647c        0xc build/stm32f7xx_hal_rcc.o
                0x0800647c                HAL_RCC_GetHCLKFreq
 .text.HAL_RCC_GetPCLK1Freq
                0x08006488       0x20 build/stm32f7xx_hal_rcc.o
                0x08006488                HAL_RCC_GetPCLK1Freq
 .text.HAL_RCC_GetPCLK2Freq
                0x080064a8       0x20 build/stm32f7xx_hal_rcc.o
                0x080064a8                HAL_RCC_GetPCLK2Freq
 .text.HAL_RCC_GetClockConfig
                0x080064c8       0x3c build/stm32f7xx_hal_rcc.o
                0x080064c8                HAL_RCC_GetClockConfig
 .text.HAL_RCCEx_PeriphCLKConfig
                0x08006504      0x5ac build/stm32f7xx_hal_rcc_ex.o
                0x08006504                HAL_RCCEx_PeriphCLKConfig
 .text.HAL_GPIO_Init
                0x08006ab0      0x1dc build/stm32f7xx_hal_gpio.o
                0x08006ab0                HAL_GPIO_Init
 .text.HAL_GPIO_DeInit
                0x08006c8c      0x13c build/stm32f7xx_hal_gpio.o
                0x08006c8c                HAL_GPIO_DeInit
 .text.HAL_GPIO_WritePin
                0x08006dc8        0xc build/stm32f7xx_hal_gpio.o
                0x08006dc8                HAL_GPIO_WritePin
 .text.DMA_CalcBaseAndBitshift
                0x08006dd4       0x38 build/stm32f7xx_hal_dma.o
 .text.DMA_CheckFifoParam
                0x08006e0c       0x8e build/stm32f7xx_hal_dma.o
 *fill*         0x08006e9a        0x2 
 .text.HAL_DMA_Init
                0x08006e9c       0xd0 build/stm32f7xx_hal_dma.o
                0x08006e9c                HAL_DMA_Init
 .text.HAL_DMA_DeInit
                0x08006f6c       0x66 build/stm32f7xx_hal_dma.o
                0x08006f6c                HAL_DMA_DeInit
 *fill*         0x08006fd2        0x2 
 .text.HAL_DMA_IRQHandler
                0x08006fd4      0x1dc build/stm32f7xx_hal_dma.o
                0x08006fd4                HAL_DMA_IRQHandler
 .text.HAL_PWREx_EnableOverDrive
                0x080071b0       0x7c build/stm32f7xx_hal_pwr_ex.o
                0x080071b0                HAL_PWREx_EnableOverDrive
 .text.HAL_Init
                0x0800722c       0x16 build/stm32f7xx_hal.o
                0x0800722c                HAL_Init
 *fill*         0x08007242        0x2 
 .text.HAL_IncTick
                0x08007244       0x18 build/stm32f7xx_hal.o
                0x08007244                HAL_IncTick
 .text.HAL_GetTick
                0x0800725c        0xc build/stm32f7xx_hal.o
                0x0800725c                HAL_GetTick
 .text.HAL_Delay
                0x08007268       0x28 build/stm32f7xx_hal.o
                0x08007268                HAL_Delay
 .text.SystemInit
                0x08007290       0x50 build/system_stm32f7xx.o
                0x08007290                SystemInit
 .text.prvHeapInit
                0x080072e0       0x64 build/heap_4.o
 .text.prvInsertBlockIntoFreeList
                0x08007344       0x58 build/heap_4.o
 .text.pvPortMalloc
                0x0800739c      0x11c build/heap_4.o
                0x0800739c                pvPortMalloc
 .text.vPortFree
                0x080074b8       0x78 build/heap_4.o
                0x080074b8                vPortFree
 .text.prvTaskExitError
                0x08007530       0x3c build/port.o
 .text.prvPortStartFirstTask
                0x0800756c       0x20 build/port.o
 .text.vPortEnableVFP
                0x0800758c       0x14 build/port.o
 .text.pxPortInitialiseStack
                0x080075a0       0x2c build/port.o
                0x080075a0                pxPortInitialiseStack
 *fill*         0x080075cc        0x4 
 .text.SVC_Handler
                0x080075d0       0x24 build/port.o
                0x080075d0                SVC_Handler
 .text.vPortEnterCritical
                0x080075f4       0x4c build/port.o
                0x080075f4                vPortEnterCritical
 .text.vPortExitCritical
                0x08007640       0x30 build/port.o
                0x08007640                vPortExitCritical
 .text.PendSV_Handler
                0x08007670       0x64 build/port.o
                0x08007670                PendSV_Handler
 .text.xPortSysTickHandler
                0x080076d4       0x30 build/port.o
                0x080076d4                xPortSysTickHandler
 .text.vPortSetupTimerInterrupt
                0x08007704       0x2c build/port.o
                0x08007704                vPortSetupTimerInterrupt
 .text.xPortStartScheduler
                0x08007730       0xa8 build/port.o
                0x08007730                xPortStartScheduler
 .text.vPortValidateInterruptPriority
                0x080077d8       0x64 build/port.o
                0x080077d8                vPortValidateInterruptPriority
 .text.prvIsQueueFull
                0x0800783c       0x1e build/queue.o
 .text.prvIsQueueEmpty
                0x0800785a       0x1a build/queue.o
 .text.prvCopyDataToQueue
                0x08007874       0x76 build/queue.o
 .text.prvCopyDataFromQueue
                0x080078ea       0x24 build/queue.o
 .text.prvUnlockQueue
                0x0800790e       0x6e build/queue.o
 .text.xQueueGenericReset
                0x0800797c       0x84 build/queue.o
                0x0800797c                xQueueGenericReset
 .text.prvInitialiseNewQueue
                0x08007a00       0x1c build/queue.o
 .text.xQueueGenericCreate
                0x08007a1c       0x4c build/queue.o
                0x08007a1c                xQueueGenericCreate
 .text.xQueueCreateCountingSemaphore
                0x08007a68       0x48 build/queue.o
                0x08007a68                xQueueCreateCountingSemaphore
 .text.xQueueGenericSend
                0x08007ab0      0x198 build/queue.o
                0x08007ab0                xQueueGenericSend
 .text.prvInitialiseMutex
                0x08007c48       0x18 build/queue.o
 .text.xQueueCreateMutex
                0x08007c60       0x16 build/queue.o
                0x08007c60                xQueueCreateMutex
 .text.xQueueGenericSendFromISR
                0x08007c76       0xee build/queue.o
                0x08007c76                xQueueGenericSendFromISR
 .text.xQueueGiveFromISR
                0x08007d64       0xcc build/queue.o
                0x08007d64                xQueueGiveFromISR
 .text.xQueueGenericReceive
                0x08007e30      0x1bc build/queue.o
                0x08007e30                xQueueGenericReceive
 .text.xQueueReceiveFromISR
                0x08007fec       0xc2 build/queue.o
                0x08007fec                xQueueReceiveFromISR
 .text.vListInitialise
                0x080080ae       0x16 build/list.o
                0x080080ae                vListInitialise
 .text.vListInitialiseItem
                0x080080c4        0x6 build/list.o
                0x080080c4                vListInitialiseItem
 .text.vListInsertEnd
                0x080080ca       0x18 build/list.o
                0x080080ca                vListInsertEnd
 .text.vListInsert
                0x080080e2       0x34 build/list.o
                0x080080e2                vListInsert
 .text.uxListRemove
                0x08008116       0x26 build/list.o
                0x08008116                uxListRemove
 .text.prvResetNextTaskUnblockTime
                0x0800813c       0x34 build/tasks.o
 .text.prvDeleteTCB
                0x08008170       0x12 build/tasks.o
 .text.prvInitialiseNewTask
                0x08008182       0x92 build/tasks.o
 .text.prvInitialiseTaskLists
                0x08008214       0x68 build/tasks.o
 .text.prvAddNewTaskToReadyList
                0x0800827c       0xa8 build/tasks.o
 .text.prvAddCurrentTaskToDelayedList
                0x08008324       0xa0 build/tasks.o
 .text.xTaskCreate
                0x080083c4       0x62 build/tasks.o
                0x080083c4                xTaskCreate
 *fill*         0x08008426        0x2 
 .text.vTaskStartScheduler
                0x08008428       0x84 build/tasks.o
                0x08008428                vTaskStartScheduler
 .text.vTaskSuspendAll
                0x080084ac       0x10 build/tasks.o
                0x080084ac                vTaskSuspendAll
 .text.xTaskGetTickCount
                0x080084bc        0xc build/tasks.o
                0x080084bc                xTaskGetTickCount
 .text.xTaskGetTickCountFromISR
                0x080084c8       0x10 build/tasks.o
                0x080084c8                xTaskGetTickCountFromISR
 .text.xTaskIncrementTick
                0x080084d8      0x124 build/tasks.o
                0x080084d8                xTaskIncrementTick
 .text.xTaskResumeAll
                0x080085fc      0x100 build/tasks.o
                0x080085fc                xTaskResumeAll
 .text.vTaskDelay
                0x080086fc       0x54 build/tasks.o
                0x080086fc                vTaskDelay
 .text.prvCheckTasksWaitingTermination
                0x08008750       0x5c build/tasks.o
 .text.prvIdleTask
                0x080087ac       0x30 build/tasks.o
 .text.vTaskSwitchContext
                0x080087dc       0xd0 build/tasks.o
                0x080087dc                vTaskSwitchContext
 .text.vTaskPlaceOnEventList
                0x080088ac       0x34 build/tasks.o
                0x080088ac                vTaskPlaceOnEventList
 .text.xTaskRemoveFromEventList
                0x080088e0       0x90 build/tasks.o
                0x080088e0                xTaskRemoveFromEventList
 .text.vTaskSetTimeOutState
                0x08008970       0x30 build/tasks.o
                0x08008970                vTaskSetTimeOutState
 .text.xTaskCheckForTimeOut
                0x080089a0       0x88 build/tasks.o
                0x080089a0                xTaskCheckForTimeOut
 .text.vTaskMissedYield
                0x08008a28        0xc build/tasks.o
                0x08008a28                vTaskMissedYield
 .text.xTaskGetSchedulerState
                0x08008a34       0x20 build/tasks.o
                0x08008a34                xTaskGetSchedulerState
 .text.vTaskPriorityInherit
                0x08008a54       0xa4 build/tasks.o
                0x08008a54                vTaskPriorityInherit
 .text.xTaskPriorityDisinherit
                0x08008af8       0xbc build/tasks.o
                0x08008af8                xTaskPriorityDisinherit
 .text.pvTaskIncrementMutexHeldCount
                0x08008bb4       0x1c build/tasks.o
                0x08008bb4                pvTaskIncrementMutexHeldCount
 .text.makeFreeRtosPriority
                0x08008bd0        0xc build/cmsis_os.o
 .text.inHandlerMode
                0x08008bdc        0xc build/cmsis_os.o
 .text.osKernelStart
                0x08008be8        0xa build/cmsis_os.o
                0x08008be8                osKernelStart
 .text.osKernelSysTick
                0x08008bf2       0x14 build/cmsis_os.o
                0x08008bf2                osKernelSysTick
 .text.osThreadCreate
                0x08008c06       0x34 build/cmsis_os.o
                0x08008c06                osThreadCreate
 .text.osMutexCreate
                0x08008c3a        0xa build/cmsis_os.o
                0x08008c3a                osMutexCreate
 .text.osMutexWait
                0x08008c44       0x74 build/cmsis_os.o
                0x08008c44                osMutexWait
 .text.osMutexRelease
                0x08008cb8       0x5c build/cmsis_os.o
                0x08008cb8                osMutexRelease
 .text.osSemaphoreCreate
                0x08008d14       0x2c build/cmsis_os.o
                0x08008d14                osSemaphoreCreate
 .text.osSemaphoreWait
                0x08008d40       0x74 build/cmsis_os.o
                0x08008d40                osSemaphoreWait
 .text.osSemaphoreRelease
                0x08008db4       0x5c build/cmsis_os.o
                0x08008db4                osSemaphoreRelease
 .text.osMessageCreate
                0x08008e10        0xe build/cmsis_os.o
                0x08008e10                osMessageCreate
 *fill*         0x08008e1e        0x2 
 .text.osMessagePut
                0x08008e20       0x68 build/cmsis_os.o
                0x08008e20                osMessagePut
 .text.osMessageGet
                0x08008e88       0xa0 build/cmsis_os.o
                0x08008e88                osMessageGet
 .text.osSystickHandler
                0x08008f28       0x10 build/cmsis_os.o
                0x08008f28                osSystickHandler
 .text.ethernet_input
                0x08008f38       0xa8 build/ethernet.o
                0x08008f38                ethernet_input
 .text.ethernet_output
                0x08008fe0       0x70 build/ethernet.o
                0x08008fe0                ethernet_output
 .text.tcpip_thread
                0x08009050       0xa4 build/tcpip.o
 .text.tcpip_inpkt
                0x080090f4       0x68 build/tcpip.o
                0x080090f4                tcpip_inpkt
 .text.tcpip_input
                0x0800915c       0x24 build/tcpip.o
                0x0800915c                tcpip_input
 .text.tcpip_callback_with_block
                0x08009180       0x74 build/tcpip.o
                0x08009180                tcpip_callback_with_block
 .text.tcpip_init
                0x080091f4       0x84 build/tcpip.o
                0x080091f4                tcpip_init
 .text.plug_holes
                0x08009278       0xe0 build/mem.o
 .text.mem_init
                0x08009358       0x68 build/mem.o
                0x08009358                mem_init
 .text.mem_free
                0x080093c0       0xbc build/mem.o
                0x080093c0                mem_free
 .text.mem_trim
                0x0800947c      0x138 build/mem.o
                0x0800947c                mem_trim
 .text.mem_malloc
                0x080095b4      0x154 build/mem.o
                0x080095b4                mem_malloc
 .text.lwip_htons
                0x08009708        0x6 build/def.o
                0x08009708                lwip_htons
 .text.lwip_htonl
                0x0800970e       0x18 build/def.o
                0x0800970e                lwip_htonl
 *fill*         0x08009726        0x2 
 .text.sys_timeouts_sleeptime
                0x08009728       0x34 build/timeouts.o
 .text.sys_check_timeouts
                0x0800975c       0x70 build/timeouts.o
 .text.sys_timeout
                0x080097cc       0xbc build/timeouts.o
                0x080097cc                sys_timeout
 .text.tcp_timer_needed
                0x08009888       0x3c build/timeouts.o
                0x08009888                tcp_timer_needed
 .text.tcpip_tcp_timer
                0x080098c4       0x38 build/timeouts.o
 .text.sys_timeouts_init
                0x080098fc       0x34 build/timeouts.o
                0x080098fc                sys_timeouts_init
 .text.cyclic_timer
                0x08009930       0x18 build/timeouts.o
 .text.sys_untimeout
                0x08009948       0x4c build/timeouts.o
                0x08009948                sys_untimeout
 .text.sys_timeouts_mbox_fetch
                0x08009994       0x40 build/timeouts.o
                0x08009994                sys_timeouts_mbox_fetch
 .text.lwip_init
                0x080099d4       0x24 build/init.o
                0x080099d4                lwip_init
 .text.tcp_getoptbyte
                0x080099f8       0x4c build/tcp_in.o
 .text.tcp_parseopt
                0x08009a44       0x88 build/tcp_in.o
 .text.tcp_input_delayed_close
                0x08009acc       0x44 build/tcp_in.o
 .text.tcp_timewait_input
                0x08009b10       0x90 build/tcp_in.o
 .text.tcp_listen_input
                0x08009ba0      0x118 build/tcp_in.o
 .text.tcp_oos_insert_segment
                0x08009cb8       0x84 build/tcp_in.o
 .text.tcp_receive
                0x08009d3c      0xa48 build/tcp_in.o
 .text.tcp_process
                0x0800a784      0x538 build/tcp_in.o
 .text.tcp_input
                0x0800acbc      0x534 build/tcp_in.o
                0x0800acbc                tcp_input
 .text.tcp_trigger_input_pcb_close
                0x0800b1f0       0x10 build/tcp_in.o
                0x0800b1f0                tcp_trigger_input_pcb_close
 .text.pbuf_skip_const
                0x0800b200       0x16 build/pbuf.o
 *fill*         0x0800b216        0x2 
 .text.pbuf_header_impl
                0x0800b218       0xcc build/pbuf.o
 .text.pbuf_pool_is_empty
                0x0800b2e4       0x40 build/pbuf.o
 .text.pbuf_free_ooseq
                0x0800b324       0x34 build/pbuf.o
 .text.pbuf_free_ooseq_callback
                0x0800b358        0x8 build/pbuf.o
 .text.pbuf_alloced_custom
                0x0800b360       0x78 build/pbuf.o
                0x0800b360                pbuf_alloced_custom
 .text.pbuf_header
                0x0800b3d8        0xa build/pbuf.o
                0x0800b3d8                pbuf_header
 .text.pbuf_header_force
                0x0800b3e2        0xa build/pbuf.o
                0x0800b3e2                pbuf_header_force
 .text.pbuf_free
                0x0800b3ec       0xd8 build/pbuf.o
                0x0800b3ec                pbuf_free
 .text.pbuf_alloc
                0x0800b4c4      0x1d0 build/pbuf.o
                0x0800b4c4                pbuf_alloc
 .text.pbuf_realloc
                0x0800b694       0xe4 build/pbuf.o
                0x0800b694                pbuf_realloc
 .text.pbuf_clen
                0x0800b778       0x12 build/pbuf.o
                0x0800b778                pbuf_clen
 *fill*         0x0800b78a        0x2 
 .text.pbuf_ref
                0x0800b78c       0x38 build/pbuf.o
                0x0800b78c                pbuf_ref
 .text.pbuf_cat
                0x0800b7c4       0x78 build/pbuf.o
                0x0800b7c4                pbuf_cat
 .text.pbuf_chain
                0x0800b83c       0x10 build/pbuf.o
                0x0800b83c                pbuf_chain
 .text.pbuf_copy
                0x0800b84c      0x140 build/pbuf.o
                0x0800b84c                pbuf_copy
 .text.pbuf_copy_partial
                0x0800b98c       0x8c build/pbuf.o
                0x0800b98c                pbuf_copy_partial
 .text.pbuf_skip
                0x0800ba18        0x8 build/pbuf.o
                0x0800ba18                pbuf_skip
 .text.pbuf_take
                0x0800ba20       0xcc build/pbuf.o
                0x0800ba20                pbuf_take
 .text.pbuf_take_at
                0x0800baec       0x5c build/pbuf.o
                0x0800baec                pbuf_take_at
 .text.pbuf_try_get_at
                0x0800bb48       0x2e build/pbuf.o
                0x0800bb48                pbuf_try_get_at
 .text.pbuf_get_at
                0x0800bb76       0x12 build/pbuf.o
                0x0800bb76                pbuf_get_at
 .text.pbuf_put_at
                0x0800bb88       0x22 build/pbuf.o
                0x0800bb88                pbuf_put_at
 *fill*         0x0800bbaa        0x2 
 .text.udp_new_port
                0x0800bbac       0x4c build/udp.o
 .text.udp_input_local_match
                0x0800bbf8       0x50 build/udp.o
 .text.udp_init
                0x0800bc48        0x2 build/udp.o
                0x0800bc48                udp_init
 *fill*         0x0800bc4a        0x2 
 .text.udp_input
                0x0800bc4c      0x144 build/udp.o
                0x0800bc4c                udp_input
 .text.udp_bind
                0x0800bd90       0x84 build/udp.o
                0x0800bd90                udp_bind
 .text.udp_sendto_if_src
                0x0800be14       0xc8 build/udp.o
                0x0800be14                udp_sendto_if_src
 .text.udp_sendto_if
                0x0800bedc       0x48 build/udp.o
                0x0800bedc                udp_sendto_if
 .text.udp_sendto
                0x0800bf24       0x3a build/udp.o
                0x0800bf24                udp_sendto
 *fill*         0x0800bf5e        0x2 
 .text.udp_connect
                0x0800bf60       0x64 build/udp.o
                0x0800bf60                udp_connect
 .text.udp_recv
                0x0800bfc4        0x6 build/udp.o
                0x0800bfc4                udp_recv
 *fill*         0x0800bfca        0x2 
 .text.udp_remove
                0x0800bfcc       0x38 build/udp.o
                0x0800bfcc                udp_remove
 .text.udp_new  0x0800c004       0x1c build/udp.o
                0x0800c004                udp_new
 .text.udp_netif_ip_addr_changed
                0x0800c020       0x34 build/udp.o
                0x0800c020                udp_netif_ip_addr_changed
 .text.tcp_remove_listener
                0x0800c054       0x14 build/tcp.o
 .text.tcp_new_port
                0x0800c068       0x64 build/tcp.o
 .text.tcp_listen_closed
                0x0800c0cc       0x54 build/tcp.o
 .text.tcp_close_shutdown_fin
                0x0800c120       0x88 build/tcp.o
 .text.tcp_init
                0x0800c1a8        0x2 build/tcp.o
                0x0800c1a8                tcp_init
 *fill*         0x0800c1aa        0x2 
 .text.tcp_bind
                0x0800c1ac       0xc0 build/tcp.o
                0x0800c1ac                tcp_bind
 .text.tcp_update_rcv_ann_wnd
                0x0800c26c       0x60 build/tcp.o
                0x0800c26c                tcp_update_rcv_ann_wnd
 .text.tcp_recved
                0x0800c2cc       0x84 build/tcp.o
                0x0800c2cc                tcp_recved
 .text.tcp_seg_free
                0x0800c350       0x1a build/tcp.o
                0x0800c350                tcp_seg_free
 .text.tcp_segs_free
                0x0800c36a       0x14 build/tcp.o
                0x0800c36a                tcp_segs_free
 .text.tcp_seg_copy
                0x0800c37e       0x28 build/tcp.o
                0x0800c37e                tcp_seg_copy
 .text.tcp_arg  0x0800c3a6        0x6 build/tcp.o
                0x0800c3a6                tcp_arg
 .text.tcp_recv
                0x0800c3ac       0x34 build/tcp.o
                0x0800c3ac                tcp_recv
 .text.tcp_sent
                0x0800c3e0       0x30 build/tcp.o
                0x0800c3e0                tcp_sent
 .text.tcp_err  0x0800c410       0x34 build/tcp.o
                0x0800c410                tcp_err
 .text.tcp_poll
                0x0800c444       0x34 build/tcp.o
                0x0800c444                tcp_poll
 .text.tcp_pcb_purge
                0x0800c478       0x44 build/tcp.o
                0x0800c478                tcp_pcb_purge
 .text.tcp_slowtmr
                0x0800c4bc      0x408 build/tcp.o
                0x0800c4bc                tcp_slowtmr
 .text.tcp_pcb_remove
                0x0800c8c4       0xa4 build/tcp.o
                0x0800c8c4                tcp_pcb_remove
 .text.tcp_close_shutdown
                0x0800c968      0x154 build/tcp.o
 .text.tcp_close
                0x0800cabc       0x18 build/tcp.o
                0x0800cabc                tcp_close
 .text.tcp_recv_null
                0x0800cad4       0x24 build/tcp.o
                0x0800cad4                tcp_recv_null
 .text.tcp_process_refused_data
                0x0800caf8       0x6e build/tcp.o
                0x0800caf8                tcp_process_refused_data
 *fill*         0x0800cb66        0x2 
 .text.tcp_fasttmr
                0x0800cb68       0x80 build/tcp.o
                0x0800cb68                tcp_fasttmr
 .text.tcp_tmr  0x0800cbe8       0x24 build/tcp.o
                0x0800cbe8                tcp_tmr
 .text.tcp_abandon
                0x0800cc0c       0xf8 build/tcp.o
                0x0800cc0c                tcp_abandon
 .text.tcp_abort
                0x0800cd04        0xa build/tcp.o
                0x0800cd04                tcp_abort
 *fill*         0x0800cd0e        0x2 
 .text.tcp_kill_timewait
                0x0800cd10       0x34 build/tcp.o
 .text.tcp_kill_prio
                0x0800cd44       0x44 build/tcp.o
 .text.tcp_netif_ip_addr_changed_pcblist
                0x0800cd88       0x20 build/tcp.o
 .text.tcp_kill_state
                0x0800cda8       0x60 build/tcp.o
 .text.tcp_alloc
                0x0800ce08       0xc0 build/tcp.o
                0x0800ce08                tcp_alloc
 .text.tcp_new  0x0800cec8        0xa build/tcp.o
                0x0800cec8                tcp_new
 *fill*         0x0800ced2        0x2 
 .text.tcp_next_iss
                0x0800ced4       0x18 build/tcp.o
                0x0800ced4                tcp_next_iss
 .text.tcp_eff_send_mss_impl
                0x0800ceec       0x24 build/tcp.o
                0x0800ceec                tcp_eff_send_mss_impl
 .text.tcp_connect
                0x0800cf10      0x11c build/tcp.o
                0x0800cf10                tcp_connect
 .text.tcp_netif_ip_addr_changed
                0x0800d02c       0x54 build/tcp.o
                0x0800d02c                tcp_netif_ip_addr_changed
 .text.tcp_write_checks
                0x0800d080       0xa4 build/tcp_out.o
 .text.tcp_pbuf_prealloc
                0x0800d124       0x80 build/tcp_out.o
 .text.tcp_create_segment
                0x0800d1a4       0xc0 build/tcp_out.o
 .text.tcp_output_alloc_header
                0x0800d264       0x94 build/tcp_out.o
 .text.tcp_output_segment
                0x0800d2f8       0xbc build/tcp_out.o
 .text.tcp_write
                0x0800d3b4      0x530 build/tcp_out.o
                0x0800d3b4                tcp_write
 .text.tcp_enqueue_flags
                0x0800d8e4      0x168 build/tcp_out.o
                0x0800d8e4                tcp_enqueue_flags
 .text.tcp_send_fin
                0x0800da4c       0x44 build/tcp_out.o
                0x0800da4c                tcp_send_fin
 .text.tcp_send_empty_ack
                0x0800da90       0x72 build/tcp_out.o
                0x0800da90                tcp_send_empty_ack
 *fill*         0x0800db02        0x2 
 .text.tcp_output
                0x0800db04      0x2b8 build/tcp_out.o
                0x0800db04                tcp_output
 .text.tcp_rst  0x0800ddbc       0xac build/tcp_out.o
                0x0800ddbc                tcp_rst
 .text.tcp_rexmit_rto
                0x0800de68       0x36 build/tcp_out.o
                0x0800de68                tcp_rexmit_rto
 .text.tcp_rexmit
                0x0800de9e       0x54 build/tcp_out.o
                0x0800de9e                tcp_rexmit
 .text.tcp_rexmit_fast
                0x0800def2       0x5c build/tcp_out.o
                0x0800def2                tcp_rexmit_fast
 .text.tcp_keepalive
                0x0800df4e       0x58 build/tcp_out.o
                0x0800df4e                tcp_keepalive
 .text.tcp_zero_window_probe
                0x0800dfa6       0xd4 build/tcp_out.o
                0x0800dfa6                tcp_zero_window_probe
 *fill*         0x0800e07a        0x2 
 .text.do_memp_malloc_pool
                0x0800e07c       0x48 build/memp.o
 .text.do_memp_free_pool
                0x0800e0c4       0x3c build/memp.o
 .text.memp_init_pool
                0x0800e100       0x28 build/memp.o
                0x0800e100                memp_init_pool
 .text.memp_init
                0x0800e128       0x20 build/memp.o
                0x0800e128                memp_init
 .text.memp_malloc
                0x0800e148       0x34 build/memp.o
                0x0800e148                memp_malloc
 .text.memp_free
                0x0800e17c       0x34 build/memp.o
                0x0800e17c                memp_free
 .text.netif_issue_reports
                0x0800e1b0       0x22 build/netif.o
 .text.netif_init
                0x0800e1d2        0x2 build/netif.o
                0x0800e1d2                netif_init
 .text.netif_set_ipaddr
                0x0800e1d4       0x4c build/netif.o
                0x0800e1d4                netif_set_ipaddr
 .text.netif_set_gw
                0x0800e220        0xc build/netif.o
                0x0800e220                netif_set_gw
 .text.netif_set_netmask
                0x0800e22c        0xc build/netif.o
                0x0800e22c                netif_set_netmask
 .text.netif_set_addr
                0x0800e238       0x42 build/netif.o
                0x0800e238                netif_set_addr
 *fill*         0x0800e27a        0x2 
 .text.netif_add
                0x0800e27c       0x80 build/netif.o
                0x0800e27c                netif_add
 .text.netif_set_default
                0x0800e2fc        0xc build/netif.o
                0x0800e2fc                netif_set_default
 .text.netif_set_up
                0x0800e308       0x24 build/netif.o
                0x0800e308                netif_set_up
 .text.netif_set_down
                0x0800e32c       0x22 build/netif.o
                0x0800e32c                netif_set_down
 *fill*         0x0800e34e        0x2 
 .text.dns_create_txid
                0x0800e350       0x38 build/dns.o
 .text.dns_call_found
                0x0800e388       0xe8 build/dns.o
 .text.dns_send
                0x0800e470      0x174 build/dns.o
 .text.dns_check_entry
                0x0800e5e4      0x12c build/dns.o
 .text.dns_check_entries
                0x0800e710       0x16 build/dns.o
 .text.dns_init
                0x0800e726        0x2 build/dns.o
                0x0800e726                dns_init
 .text.dns_setserver
                0x0800e728       0x28 build/dns.o
                0x0800e728                dns_setserver
 .text.dns_tmr  0x0800e750        0x8 build/dns.o
                0x0800e750                dns_tmr
 .text.icmp_send_response
                0x0800e758       0xac build/icmp.o
 .text.icmp_input
                0x0800e804      0x13c build/icmp.o
                0x0800e804                icmp_input
 .text.icmp_dest_unreach
                0x0800e940        0xc build/icmp.o
                0x0800e940                icmp_dest_unreach
 .text.icmp_time_exceeded
                0x0800e94c        0xc build/icmp.o
                0x0800e94c                icmp_time_exceeded
 .text.dhcp_set_state
                0x0800e958       0x10 build/dhcp.o
 .text.dhcp_option_short
                0x0800e968       0x4c build/dhcp.o
 .text.dhcp_option
                0x0800e9b4       0x4c build/dhcp.o
 .text.dhcp_option_byte
                0x0800ea00       0x38 build/dhcp.o
 .text.dhcp_option_trailer
                0x0800ea38       0x88 build/dhcp.o
 .text.dhcp_option_long
                0x0800eac0       0x70 build/dhcp.o
 .text.dhcp_create_msg
                0x0800eb30      0x1f8 build/dhcp.o
 .text.dhcp_delete_msg
                0x0800ed28       0x64 build/dhcp.o
 .text.dhcp_discover
                0x0800ed8c       0xcc build/dhcp.o
 .text.dhcp_select
                0x0800ee58       0xf8 build/dhcp.o
 .text.dhcp_handle_offer
                0x0800ef50       0x2c build/dhcp.o
 .text.dhcp_decline
                0x0800ef7c       0x84 build/dhcp.o
 .text.dhcp_rebind
                0x0800f000       0xc8 build/dhcp.o
 .text.dhcp_t2_timeout
                0x0800f0c8       0x34 build/dhcp.o
 .text.dhcp_reboot
                0x0800f0fc       0xe0 build/dhcp.o
 .text.dhcp_check
                0x0800f1dc       0x2a build/dhcp.o
 *fill*         0x0800f206        0x2 
 .text.dhcp_bind
                0x0800f208      0x128 build/dhcp.o
 .text.dhcp_handle_nak
                0x0800f330       0x24 build/dhcp.o
 .text.dhcp_dec_pcb_refcount
                0x0800f354       0x48 build/dhcp.o
 .text.dhcp_inc_pcb_refcount
                0x0800f39c       0x7c build/dhcp.o
 .text.dhcp_parse_reply
                0x0800f418      0x4bc build/dhcp.o
 .text.dhcp_handle_ack
                0x0800f8d4       0xac build/dhcp.o
 .text.dhcp_recv
                0x0800f980      0x110 build/dhcp.o
 .text.dhcp_arp_reply
                0x0800fa90       0x40 build/dhcp.o
                0x0800fa90                dhcp_arp_reply
 .text.dhcp_renew
                0x0800fad0       0xc4 build/dhcp.o
                0x0800fad0                dhcp_renew
 .text.dhcp_t1_timeout
                0x0800fb94       0x30 build/dhcp.o
 .text.dhcp_stop
                0x0800fbc4       0x54 build/dhcp.o
                0x0800fbc4                dhcp_stop
 .text.dhcp_start
                0x0800fc18       0xdc build/dhcp.o
                0x0800fc18                dhcp_start
 .text.dhcp_supplied_address
                0x0800fcf4       0x2a build/dhcp.o
                0x0800fcf4                dhcp_supplied_address
 *fill*         0x0800fd1e        0x2 
 .text.dhcp_release
                0x0800fd20       0xb0 build/dhcp.o
                0x0800fd20                dhcp_release
 .text.dhcp_coarse_tmr
                0x0800fdd0       0x64 build/dhcp.o
                0x0800fdd0                dhcp_coarse_tmr
 .text.dhcp_timeout
                0x0800fe34       0x60 build/dhcp.o
 .text.dhcp_fine_tmr
                0x0800fe94       0x34 build/dhcp.o
                0x0800fe94                dhcp_fine_tmr
 .text.ip4_route
                0x0800fec8       0xa0 build/ip4.o
                0x0800fec8                ip4_route
 .text.ip4_input
                0x0800ff68      0x1e4 build/ip4.o
                0x0800ff68                ip4_input
 .text.ip4_output_if_src
                0x0801014c       0xf4 build/ip4.o
                0x0801014c                ip4_output_if_src
 .text.ip4_output_if
                0x08010240       0x2a build/ip4.o
                0x08010240                ip4_output_if
 *fill*         0x0801026a        0x2 
 .text.etharp_free_entry
                0x0801026c       0x34 build/etharp.o
 .text.etharp_find_entry
                0x080102a0      0x1ac build/etharp.o
 .text.etharp_update_arp_entry
                0x0801044c       0xc8 build/etharp.o
 .text.etharp_raw
                0x08010514       0xe0 build/etharp.o
 .text.etharp_request_dst
                0x080105f4       0x28 build/etharp.o
 .text.etharp_cleanup_netif
                0x0801061c       0x38 build/etharp.o
                0x0801061c                etharp_cleanup_netif
 .text.etharp_input
                0x08010654       0xc4 build/etharp.o
                0x08010654                etharp_input
 .text.etharp_request
                0x08010718       0x10 build/etharp.o
                0x08010718                etharp_request
 .text.etharp_tmr
                0x08010728       0x90 build/etharp.o
                0x08010728                etharp_tmr
 .text.etharp_output_to_arp_index
                0x080107b8       0xd4 build/etharp.o
 .text.etharp_query
                0x0801088c      0x1b4 build/etharp.o
                0x0801088c                etharp_query
 .text.etharp_output
                0x08010a40      0x158 build/etharp.o
                0x08010a40                etharp_output
 .text.ip4_addr_isbroadcast_u32
                0x08010b98       0x40 build/ip4_addr.o
                0x08010b98                ip4_addr_isbroadcast_u32
 .text.ip4addr_aton
                0x08010bd8      0x180 build/ip4_addr.o
                0x08010bd8                ip4addr_aton
 .text.ip_reass_dequeue_datagram
                0x08010d58       0x48 build/ip4_frag.o
 .text.ip_reass_free_complete_datagram
                0x08010da0      0x10c build/ip4_frag.o
 .text.ip_reass_remove_oldest_datagram
                0x08010eac       0x84 build/ip4_frag.o
 .text.ip_frag_free_pbuf_custom_ref
                0x08010f30       0x2c build/ip4_frag.o
 .text.ipfrag_free_pbuf_custom
                0x08010f5c       0x34 build/ip4_frag.o
 .text.ip_reass_chain_frag_into_datagram_and_validate
                0x08010f90      0x194 build/ip4_frag.o
 .text.ip_frag_alloc_pbuf_custom_ref
                0x08011124        0xa build/ip4_frag.o
 *fill*         0x0801112e        0x2 
 .text.ip_reass_enqueue_new_datagram
                0x08011130       0x60 build/ip4_frag.o
 .text.ip_reass_tmr
                0x08011190       0x2c build/ip4_frag.o
                0x08011190                ip_reass_tmr
 .text.ip4_reass
                0x080111bc      0x1a8 build/ip4_frag.o
                0x080111bc                ip4_reass
 .text.ip4_frag
                0x08011364      0x1ec build/ip4_frag.o
                0x08011364                ip4_frag
 .text.sys_mbox_new
                0x08011550       0x24 build/sys_arch.o
                0x08011550                sys_mbox_new
 .text.sys_mbox_post
                0x08011574       0x18 build/sys_arch.o
                0x08011574                sys_mbox_post
 .text.sys_mbox_trypost
                0x0801158c       0x14 build/sys_arch.o
                0x0801158c                sys_mbox_trypost
 .text.sys_arch_mbox_fetch
                0x080115a0       0x58 build/sys_arch.o
                0x080115a0                sys_arch_mbox_fetch
 .text.sys_mbox_valid
                0x080115f8        0xc build/sys_arch.o
                0x080115f8                sys_mbox_valid
 .text.sys_init
                0x08011604       0x18 build/sys_arch.o
                0x08011604                sys_init
 .text.sys_mutex_new
                0x0801161c       0x22 build/sys_arch.o
                0x0801161c                sys_mutex_new
 .text.sys_mutex_lock
                0x0801163e        0xe build/sys_arch.o
                0x0801163e                sys_mutex_lock
 .text.sys_mutex_unlock
                0x0801164c        0xa build/sys_arch.o
                0x0801164c                sys_mutex_unlock
 .text.sys_thread_new
                0x08011656       0x24 build/sys_arch.o
                0x08011656                sys_thread_new
 *fill*         0x0801167a        0x2 
 .text.sys_arch_protect
                0x0801167c       0x18 build/sys_arch.o
                0x0801167c                sys_arch_protect
 .text.sys_arch_unprotect
                0x08011694       0x10 build/sys_arch.o
                0x08011694                sys_arch_unprotect
 .text.msg_generate_packet_id
                0x080116a4       0x12 build/mqtt.o
 .text.mqtt_delete_request
                0x080116b6        0x8 build/mqtt.o
 .text.mqtt_output_append_u8
                0x080116be        0xe build/mqtt.o
 .text.mqtt_output_append_u16
                0x080116cc       0x20 build/mqtt.o
 .text.mqtt_output_append_buf
                0x080116ec       0x24 build/mqtt.o
 .text.mqtt_output_append_string
                0x08011710       0x38 build/mqtt.o
 .text.mqtt_output_append_fixed_header
                0x08011748       0x4e build/mqtt.o
 .text.mqtt_incomming_suback
                0x08011796       0x18 build/mqtt.o
 *fill*         0x080117ae        0x2 
 .text.mqtt_create_request
                0x080117b0       0x50 build/mqtt.o
 .text.mqtt_output_check_space
                0x08011800       0x48 build/mqtt.o
 .text.mqtt_append_request
                0x08011848       0x64 build/mqtt.o
 .text.mqtt_request_time_elapsed
                0x080118ac       0x64 build/mqtt.o
 .text.mqtt_clear_requests
                0x08011910       0x38 build/mqtt.o
 .text.mqtt_take_request
                0x08011948       0x58 build/mqtt.o
 .text.mqtt_init_requests
                0x080119a0       0x38 build/mqtt.o
 .text.mqtt_output_send
                0x080119d8       0xe0 build/mqtt.o
 .text.mqtt_tcp_poll_cb
                0x08011ab8       0x14 build/mqtt.o
 .text.mqtt_tcp_sent_cb
                0x08011acc       0x44 build/mqtt.o
 .text.pub_ack_rec_rel_response
                0x08011b10       0x4e build/mqtt.o
 .text.mqtt_message_received
                0x08011b5e      0x1d4 build/mqtt.o
 *fill*         0x08011d32        0x2 
 .text.mqtt_close
                0x08011d34       0x7c build/mqtt.o
 .text.mqtt_tcp_err_cb
                0x08011db0       0x34 build/mqtt.o
 .text.mqtt_cyclic_timer
                0x08011de4       0xdc build/mqtt.o
 .text.mqtt_tcp_connect_cb
                0x08011ec0       0x5c build/mqtt.o
 .text.mqtt_parse_incoming
                0x08011f1c      0x140 build/mqtt.o
 .text.mqtt_tcp_recv_cb
                0x0801205c       0x8c build/mqtt.o
 .text.mqtt_publish
                0x080120e8      0x164 build/mqtt.o
                0x080120e8                mqtt_publish
 .text.mqtt_sub_unsub
                0x0801224c      0x160 build/mqtt.o
                0x0801224c                mqtt_sub_unsub
 .text.mqtt_set_inpub_callback
                0x080123ac       0x30 build/mqtt.o
                0x080123ac                mqtt_set_inpub_callback
 .text.mqtt_client_connect
                0x080123dc      0x2c8 build/mqtt.o
                0x080123dc                mqtt_client_connect
 .text.USBH_HandleSof
                0x080126a4       0x1a build/usbh_core.o
 .text.USBH_LL_IncTimer
                0x080126be       0x12 build/usbh_core.o
                0x080126be                USBH_LL_IncTimer
 .text.USBH_LL_PortEnabled
                0x080126d0        0x8 build/usbh_core.o
                0x080126d0                USBH_LL_PortEnabled
 .text.USBH_LL_PortDisabled
                0x080126d8        0x8 build/usbh_core.o
                0x080126d8                USBH_LL_PortDisabled
 .text.USBH_LL_Connect
                0x080126e0       0x36 build/usbh_core.o
                0x080126e0                USBH_LL_Connect
 *fill*         0x08012716        0x2 
 .text.USBH_LL_Disconnect
                0x08012718       0x54 build/usbh_core.o
                0x08012718                USBH_LL_Disconnect
 .text.USBH_LL_NotifyURBChange
                0x0801276c       0x12 build/usbh_core.o
                0x0801276c                USBH_LL_NotifyURBChange
 .text.USBH_FreePipe
                0x0801277e       0x16 build/usbh_pipes.o
                0x0801277e                USBH_FreePipe
 .text.debug_init
                0x08012794        0xc build/dbgu.o
                0x08012794                debug_init
 .text.debug_chr
                0x080127a0       0x18 build/dbgu.o
                0x080127a0                debug_chr
 .text.xputc    0x080127b8        0x8 build/term_io.o
                0x080127b8                xputc
 .text.xputs    0x080127c0       0x14 build/term_io.o
                0x080127c0                xputs
 .text.xitoa    0x080127d4       0x9c build/term_io.o
                0x080127d4                xitoa
 .text.xprintf  0x08012870       0xec build/term_io.o
                0x08012870                xprintf
 .text.LL_FillBuffer
                0x0801295c       0x80 build/stm32746g_discovery_lcd.o
 .text.BSP_LCD_GetXSize
                0x080129dc       0x18 build/stm32746g_discovery_lcd.o
                0x080129dc                BSP_LCD_GetXSize
 .text.BSP_LCD_GetYSize
                0x080129f4       0x18 build/stm32746g_discovery_lcd.o
                0x080129f4                BSP_LCD_GetYSize
 .text.BSP_LCD_LayerDefaultInit
                0x08012a0c       0x80 build/stm32746g_discovery_lcd.o
                0x08012a0c                BSP_LCD_LayerDefaultInit
 .text.BSP_LCD_SelectLayer
                0x08012a8c        0xc build/stm32746g_discovery_lcd.o
                0x08012a8c                BSP_LCD_SelectLayer
 .text.BSP_LCD_SetTransparency
                0x08012a98       0x10 build/stm32746g_discovery_lcd.o
                0x08012a98                BSP_LCD_SetTransparency
 .text.BSP_LCD_SetColorKeying
                0x08012aa8       0x1c build/stm32746g_discovery_lcd.o
                0x08012aa8                BSP_LCD_SetColorKeying
 .text.BSP_LCD_SetTextColor
                0x08012ac4       0x18 build/stm32746g_discovery_lcd.o
                0x08012ac4                BSP_LCD_SetTextColor
 .text.BSP_LCD_SetBackColor
                0x08012adc       0x1c build/stm32746g_discovery_lcd.o
                0x08012adc                BSP_LCD_SetBackColor
 .text.BSP_LCD_SetFont
                0x08012af8       0x1c build/stm32746g_discovery_lcd.o
                0x08012af8                BSP_LCD_SetFont
 .text.BSP_LCD_GetFont
                0x08012b14       0x1c build/stm32746g_discovery_lcd.o
                0x08012b14                BSP_LCD_GetFont
 .text.BSP_LCD_Clear
                0x08012b30       0x3c build/stm32746g_discovery_lcd.o
                0x08012b30                BSP_LCD_Clear
 .text.BSP_LCD_DrawHLine
                0x08012b6c       0x78 build/stm32746g_discovery_lcd.o
                0x08012b6c                BSP_LCD_DrawHLine
 .text.BSP_LCD_DrawVLine
                0x08012be4       0x7c build/stm32746g_discovery_lcd.o
                0x08012be4                BSP_LCD_DrawVLine
 .text.BSP_LCD_DrawRect
                0x08012c60       0x32 build/stm32746g_discovery_lcd.o
                0x08012c60                BSP_LCD_DrawRect
 *fill*         0x08012c92        0x2 
 .text.BSP_LCD_DrawPixel
                0x08012c94       0x54 build/stm32746g_discovery_lcd.o
                0x08012c94                BSP_LCD_DrawPixel
 .text.DrawChar
                0x08012ce8       0xe8 build/stm32746g_discovery_lcd.o
 .text.BSP_LCD_DisplayChar
                0x08012dd0       0x38 build/stm32746g_discovery_lcd.o
                0x08012dd0                BSP_LCD_DisplayChar
 .text.BSP_LCD_DisplayStringAt
                0x08012e08       0xd4 build/stm32746g_discovery_lcd.o
                0x08012e08                BSP_LCD_DisplayStringAt
 .text.BSP_LCD_DrawLine
                0x08012edc       0xfc build/stm32746g_discovery_lcd.o
                0x08012edc                BSP_LCD_DrawLine
 .text.FillTriangle
                0x08012fd8       0xf4 build/stm32746g_discovery_lcd.o
 .text.BSP_LCD_FillRect
                0x080130cc       0x94 build/stm32746g_discovery_lcd.o
                0x080130cc                BSP_LCD_FillRect
 .text.BSP_LCD_FillPolygon
                0x08013160      0x122 build/stm32746g_discovery_lcd.o
                0x08013160                BSP_LCD_FillPolygon
 *fill*         0x08013282        0x2 
 .text.BSP_LCD_DisplayOn
                0x08013284       0x34 build/stm32746g_discovery_lcd.o
                0x08013284                BSP_LCD_DisplayOn
 .text.BSP_LCD_MspInit
                0x080132b8      0x148 build/stm32746g_discovery_lcd.o
                0x080132b8                BSP_LCD_MspInit
 .text.BSP_LCD_ClockConfig
                0x08013400       0x20 build/stm32746g_discovery_lcd.o
                0x08013400                BSP_LCD_ClockConfig
 .text.BSP_LCD_Init
                0x08013420       0xac build/stm32746g_discovery_lcd.o
                0x08013420                BSP_LCD_Init
 .text.BSP_SDRAM_Initialization_sequence
                0x080134cc       0x9c build/stm32746g_discovery_sdram.o
                0x080134cc                BSP_SDRAM_Initialization_sequence
 .text.BSP_SDRAM_MspInit
                0x08013568      0x17c build/stm32746g_discovery_sdram.o
                0x08013568                BSP_SDRAM_MspInit
 .text.BSP_SDRAM_Init
                0x080136e4       0x80 build/stm32746g_discovery_sdram.o
                0x080136e4                BSP_SDRAM_Init
 .text.BSP_TS_Init
                0x08013764       0x50 build/stm32746g_discovery_ts.o
                0x08013764                BSP_TS_Init
 .text.BSP_TS_Get_GestureId
                0x080137b4       0x74 build/stm32746g_discovery_ts.o
                0x080137b4                BSP_TS_Get_GestureId
 .text.BSP_TS_GetState
                0x08013828      0x1d0 build/stm32746g_discovery_ts.o
                0x08013828                BSP_TS_GetState
 .text.I2Cx_MspInit
                0x080139f8      0x128 build/stm32746g_discovery.o
 .text.I2Cx_Init
                0x08013b20       0x4c build/stm32746g_discovery.o
 .text.I2Cx_Error
                0x08013b6c       0x10 build/stm32746g_discovery.o
 .text.I2Cx_WriteMultiple
                0x08013b7c       0x32 build/stm32746g_discovery.o
 .text.I2Cx_ReadMultiple
                0x08013bae       0x32 build/stm32746g_discovery.o
 .text.TS_IO_Init
                0x08013be0       0x10 build/stm32746g_discovery.o
                0x08013be0                TS_IO_Init
 .text.TS_IO_Write
                0x08013bf0       0x24 build/stm32746g_discovery.o
                0x08013bf0                TS_IO_Write
 .text.TS_IO_Read
                0x08013c14       0x2c build/stm32746g_discovery.o
                0x08013c14                TS_IO_Read
 .text.TS_IO_Delay
                0x08013c40        0x8 build/stm32746g_discovery.o
                0x08013c40                TS_IO_Delay
 .text.ft5336_Reset
                0x08013c48        0x2 build/ft5336.o
                0x08013c48                ft5336_Reset
 .text.ft5336_TS_ITStatus
                0x08013c4a        0x4 build/ft5336.o
                0x08013c4a                ft5336_TS_ITStatus
 .text.ft5336_TS_ClearIT
                0x08013c4e        0x2 build/ft5336.o
                0x08013c4e                ft5336_TS_ClearIT
 .text.ft5336_Get_I2C_InitializedStatus
                0x08013c50        0xc build/ft5336.o
 .text.ft5336_I2C_InitializeIfRequired
                0x08013c5c       0x1c build/ft5336.o
 .text.ft5336_Init
                0x08013c78        0xe build/ft5336.o
                0x08013c78                ft5336_Init
 .text.ft5336_ReadID
                0x08013c86       0x4a build/ft5336.o
                0x08013c86                ft5336_ReadID
 .text.ft5336_TS_DetectTouch
                0x08013cd0       0x4c build/ft5336.o
                0x08013cd0                ft5336_TS_DetectTouch
 .text.ft5336_TS_GetXY
                0x08013d1c      0x158 build/ft5336.o
                0x08013d1c                ft5336_TS_GetXY
 .text.ft5336_TS_EnableIT
                0x08013e74        0xe build/ft5336.o
                0x08013e74                ft5336_TS_EnableIT
 .text.ft5336_TS_DisableIT
                0x08013e82        0xe build/ft5336.o
                0x08013e82                ft5336_TS_DisableIT
 .text.ft5336_TS_Start
                0x08013e90        0x8 build/ft5336.o
                0x08013e90                ft5336_TS_Start
 .text.ft5336_TS_GetGestureID
                0x08013e98       0x22 build/ft5336.o
                0x08013e98                ft5336_TS_GetGestureID
 *fill*         0x08013eba        0x2 
 .text.ft5336_TS_GetTouchInfo
                0x08013ebc       0xe0 build/ft5336.o
                0x08013ebc                ft5336_TS_GetTouchInfo
 .text.Reset_Handler
                0x08013f9c       0x50 build/startup_stm32f746xx.o
                0x08013f9c                Reset_Handler
 .text.Default_Handler
                0x08013fec        0x6 build/startup_stm32f746xx.o
                0x08013fec                RTC_Alarm_IRQHandler
                0x08013fec                EXTI2_IRQHandler
                0x08013fec                TIM8_CC_IRQHandler
                0x08013fec                UART8_IRQHandler
                0x08013fec                SPI4_IRQHandler
                0x08013fec                TIM1_CC_IRQHandler
                0x08013fec                DMA2_Stream5_IRQHandler
                0x08013fec                DMA1_Stream5_IRQHandler
                0x08013fec                PVD_IRQHandler
                0x08013fec                TAMP_STAMP_IRQHandler
                0x08013fec                CAN2_RX1_IRQHandler
                0x08013fec                EXTI3_IRQHandler
                0x08013fec                TIM8_TRG_COM_TIM14_IRQHandler
                0x08013fec                TIM1_UP_TIM10_IRQHandler
                0x08013fec                TIM8_UP_TIM13_IRQHandler
                0x08013fec                I2C3_ER_IRQHandler
                0x08013fec                EXTI0_IRQHandler
                0x08013fec                I2C2_EV_IRQHandler
                0x08013fec                DMA1_Stream2_IRQHandler
                0x08013fec                CAN1_RX0_IRQHandler
                0x08013fec                FPU_IRQHandler
                0x08013fec                OTG_HS_WKUP_IRQHandler
                0x08013fec                LTDC_ER_IRQHandler
                0x08013fec                CAN2_SCE_IRQHandler
                0x08013fec                DMA2_Stream2_IRQHandler
                0x08013fec                SPI1_IRQHandler
                0x08013fec                TIM1_BRK_TIM9_IRQHandler
                0x08013fec                DCMI_IRQHandler
                0x08013fec                CAN2_RX0_IRQHandler
                0x08013fec                DMA2_Stream3_IRQHandler
                0x08013fec                SAI2_IRQHandler
                0x08013fec                USART6_IRQHandler
                0x08013fec                USART3_IRQHandler
                0x08013fec                CAN1_RX1_IRQHandler
                0x08013fec                UART5_IRQHandler
                0x08013fec                DMA2_Stream0_IRQHandler
                0x08013fec                TIM4_IRQHandler
                0x08013fec                QUADSPI_IRQHandler
                0x08013fec                I2C1_EV_IRQHandler
                0x08013fec                DMA1_Stream6_IRQHandler
                0x08013fec                DMA1_Stream1_IRQHandler
                0x08013fec                UART4_IRQHandler
                0x08013fec                TIM3_IRQHandler
                0x08013fec                RCC_IRQHandler
                0x08013fec                TIM8_BRK_TIM12_IRQHandler
                0x08013fec                Default_Handler
                0x08013fec                CEC_IRQHandler
                0x08013fec                EXTI15_10_IRQHandler
                0x08013fec                ADC_IRQHandler
                0x08013fec                DMA1_Stream7_IRQHandler
                0x08013fec                SPI5_IRQHandler
                0x08013fec                TIM7_IRQHandler
                0x08013fec                SDMMC1_IRQHandler
                0x08013fec                CAN2_TX_IRQHandler
                0x08013fec                TIM5_IRQHandler
                0x08013fec                I2C3_EV_IRQHandler
                0x08013fec                EXTI9_5_IRQHandler
                0x08013fec                RTC_WKUP_IRQHandler
                0x08013fec                ETH_WKUP_IRQHandler
                0x08013fec                SPDIF_RX_IRQHandler
                0x08013fec                SPI2_IRQHandler
                0x08013fec                OTG_HS_EP1_IN_IRQHandler
                0x08013fec                DMA1_Stream0_IRQHandler
                0x08013fec                CAN1_TX_IRQHandler
                0x08013fec                EXTI4_IRQHandler
                0x08013fec                RNG_IRQHandler
                0x08013fec                OTG_HS_EP1_OUT_IRQHandler
                0x08013fec                WWDG_IRQHandler
                0x08013fec                SPI6_IRQHandler
                0x08013fec                I2C4_EV_IRQHandler
                0x08013fec                TIM2_IRQHandler
                0x08013fec                OTG_FS_WKUP_IRQHandler
                0x08013fec                TIM1_TRG_COM_TIM11_IRQHandler
                0x08013fec                OTG_HS_IRQHandler
                0x08013fec                EXTI1_IRQHandler
                0x08013fec                UART7_IRQHandler
                0x08013fec                USART2_IRQHandler
                0x08013fec                I2C2_ER_IRQHandler
                0x08013fec                DMA2_Stream1_IRQHandler
                0x08013fec                CAN1_SCE_IRQHandler
                0x08013fec                FLASH_IRQHandler
                0x08013fec                USART1_IRQHandler
                0x08013fec                SPI3_IRQHandler
                0x08013fec                DMA1_Stream4_IRQHandler
                0x08013fec                I2C1_ER_IRQHandler
                0x08013fec                FMC_IRQHandler
                0x08013fec                LPTIM1_IRQHandler
                0x08013fec                I2C4_ER_IRQHandler
                0x08013fec                DMA2_Stream6_IRQHandler
                0x08013fec                SAI1_IRQHandler
                0x08013fec                DMA1_Stream3_IRQHandler
 .text.atof     0x08013ff2        0x6 c:/gcc_toolchain/6_2017-q1-update/bin/../lib/gcc/arm-none-eabi/6.3.1/../../../../arm-none-eabi/lib/thumb/v7e-m/fpv5-sp/hard\libc_nano.a(lib_a-atof.o)
                0x08013ff2                atof
 .text.__libc_init_array
                0x08013ff8       0x48 c:/gcc_toolchain/6_2017-q1-update/bin/../lib/gcc/arm-none-eabi/6.3.1/../../../../arm-none-eabi/lib/thumb/v7e-m/fpv5-sp/hard\libc_nano.a(lib_a-init.o)
                0x08013ff8                __libc_init_array
 .text.malloc   0x08014040       0x10 c:/gcc_toolchain/6_2017-q1-update/bin/../lib/gcc/arm-none-eabi/6.3.1/../../../../arm-none-eabi/lib/thumb/v7e-m/fpv5-sp/hard\libc_nano.a(lib_a-malloc.o)
                0x08014040                malloc
 .text.memcmp   0x08014050       0x1e c:/gcc_toolchain/6_2017-q1-update/bin/../lib/gcc/arm-none-eabi/6.3.1/../../../../arm-none-eabi/lib/thumb/v7e-m/fpv5-sp/hard\libc_nano.a(lib_a-memcmp.o)
                0x08014050                memcmp